../Src/01-MCAL/03-STK/STK_program.c:17:6:MSTK_voidClkSrcInit	4	static
../Src/01-MCAL/03-STK/STK_program.c:25:4:MSTK_voidClearCount	16	static
../Src/01-MCAL/03-STK/STK_program.c:31:6:MSTK_voidSetBusyWait	16	static
../Src/01-MCAL/03-STK/STK_program.c:42:6:MSTK_u8SetIntervalSingle	16	static
../Src/01-MCAL/03-STK/STK_program.c:56:6:MSTK_u8SetIntervalPeriodic	16	static
../Src/01-MCAL/03-STK/STK_program.c:69:6:MSTK_voidStopInterval	4	static
../Src/01-MCAL/03-STK/STK_program.c:78:5:MSTK_u32GetElapsedTime	4	static
../Src/01-MCAL/03-STK/STK_program.c:82:5:MSTK_u32GetRemainingTime	4	static
../Src/01-MCAL/03-STK/STK_program.c:87:4:MSTK_u8SetCallBackFunc	24	static
../Src/01-MCAL/03-STK/STK_program.c:100:6:SysTick_Handler	8	static
