Archive member included to satisfy reference by file (symbol)

c:/st/stm32cubeide_1.10.1/stm32cubeide/plugins/com.st.stm32cube.ide.mcu.externaltools.gnu-tools-for-stm32.10.3-2021.10.win32_1.0.0.202111181127/tools/bin/../lib/gcc/arm-none-eabi/10.3.1/../../../../arm-none-eabi/lib/thumb/v7-m/nofp\libc_nano.a(lib_a-errno.o)
                              ./Src/syscalls.o (__errno)
c:/st/stm32cubeide_1.10.1/stm32cubeide/plugins/com.st.stm32cube.ide.mcu.externaltools.gnu-tools-for-stm32.10.3-2021.10.win32_1.0.0.202111181127/tools/bin/../lib/gcc/arm-none-eabi/10.3.1/../../../../arm-none-eabi/lib/thumb/v7-m/nofp\libc_nano.a(lib_a-exit.o)
                              c:/st/stm32cubeide_1.10.1/stm32cubeide/plugins/com.st.stm32cube.ide.mcu.externaltools.gnu-tools-for-stm32.10.3-2021.10.win32_1.0.0.202111181127/tools/bin/../lib/gcc/arm-none-eabi/10.3.1/../../../../arm-none-eabi/lib/thumb/v7-m/nofp/crt0.o (exit)
c:/st/stm32cubeide_1.10.1/stm32cubeide/plugins/com.st.stm32cube.ide.mcu.externaltools.gnu-tools-for-stm32.10.3-2021.10.win32_1.0.0.202111181127/tools/bin/../lib/gcc/arm-none-eabi/10.3.1/../../../../arm-none-eabi/lib/thumb/v7-m/nofp\libc_nano.a(lib_a-impure.o)
                              c:/st/stm32cubeide_1.10.1/stm32cubeide/plugins/com.st.stm32cube.ide.mcu.externaltools.gnu-tools-for-stm32.10.3-2021.10.win32_1.0.0.202111181127/tools/bin/../lib/gcc/arm-none-eabi/10.3.1/../../../../arm-none-eabi/lib/thumb/v7-m/nofp\libc_nano.a(lib_a-exit.o) (_global_impure_ptr)
c:/st/stm32cubeide_1.10.1/stm32cubeide/plugins/com.st.stm32cube.ide.mcu.externaltools.gnu-tools-for-stm32.10.3-2021.10.win32_1.0.0.202111181127/tools/bin/../lib/gcc/arm-none-eabi/10.3.1/../../../../arm-none-eabi/lib/thumb/v7-m/nofp\libc_nano.a(lib_a-init.o)
                              c:/st/stm32cubeide_1.10.1/stm32cubeide/plugins/com.st.stm32cube.ide.mcu.externaltools.gnu-tools-for-stm32.10.3-2021.10.win32_1.0.0.202111181127/tools/bin/../lib/gcc/arm-none-eabi/10.3.1/../../../../arm-none-eabi/lib/thumb/v7-m/nofp/crt0.o (__libc_init_array)
c:/st/stm32cubeide_1.10.1/stm32cubeide/plugins/com.st.stm32cube.ide.mcu.externaltools.gnu-tools-for-stm32.10.3-2021.10.win32_1.0.0.202111181127/tools/bin/../lib/gcc/arm-none-eabi/10.3.1/../../../../arm-none-eabi/lib/thumb/v7-m/nofp\libc_nano.a(lib_a-memset.o)
                              c:/st/stm32cubeide_1.10.1/stm32cubeide/plugins/com.st.stm32cube.ide.mcu.externaltools.gnu-tools-for-stm32.10.3-2021.10.win32_1.0.0.202111181127/tools/bin/../lib/gcc/arm-none-eabi/10.3.1/../../../../arm-none-eabi/lib/thumb/v7-m/nofp/crt0.o (memset)
c:/st/stm32cubeide_1.10.1/stm32cubeide/plugins/com.st.stm32cube.ide.mcu.externaltools.gnu-tools-for-stm32.10.3-2021.10.win32_1.0.0.202111181127/tools/bin/../lib/gcc/arm-none-eabi/10.3.1/thumb/v7-m/nofp\libgcc.a(_arm_muldf3.o)
                              ./Src/02-HAL/01-ULTRASOINC/ULTRASONIC_program.o (__aeabi_dmul)
c:/st/stm32cubeide_1.10.1/stm32cubeide/plugins/com.st.stm32cube.ide.mcu.externaltools.gnu-tools-for-stm32.10.3-2021.10.win32_1.0.0.202111181127/tools/bin/../lib/gcc/arm-none-eabi/10.3.1/thumb/v7-m/nofp\libgcc.a(_arm_addsubdf3.o)
                              ./Src/02-HAL/01-ULTRASOINC/ULTRASONIC_program.o (__aeabi_dadd)
c:/st/stm32cubeide_1.10.1/stm32cubeide/plugins/com.st.stm32cube.ide.mcu.externaltools.gnu-tools-for-stm32.10.3-2021.10.win32_1.0.0.202111181127/tools/bin/../lib/gcc/arm-none-eabi/10.3.1/thumb/v7-m/nofp\libgcc.a(_arm_muldivdf3.o)
                              ./Src/02-HAL/01-ULTRASOINC/ULTRASONIC_program.o (__aeabi_ddiv)
c:/st/stm32cubeide_1.10.1/stm32cubeide/plugins/com.st.stm32cube.ide.mcu.externaltools.gnu-tools-for-stm32.10.3-2021.10.win32_1.0.0.202111181127/tools/bin/../lib/gcc/arm-none-eabi/10.3.1/thumb/v7-m/nofp\libgcc.a(_arm_fixunsdfsi.o)
                              ./Src/02-HAL/01-ULTRASOINC/ULTRASONIC_program.o (__aeabi_d2uiz)
c:/st/stm32cubeide_1.10.1/stm32cubeide/plugins/com.st.stm32cube.ide.mcu.externaltools.gnu-tools-for-stm32.10.3-2021.10.win32_1.0.0.202111181127/tools/bin/../lib/gcc/arm-none-eabi/10.3.1/thumb/v7-m/nofp\libgcc.a(_arm_addsubsf3.o)
                              ./Src/02-HAL/01-ULTRASOINC/ULTRASONIC_program.o (__aeabi_i2f)

Discarded input sections

 .text          0x0000000000000000        0x0 c:/st/stm32cubeide_1.10.1/stm32cubeide/plugins/com.st.stm32cube.ide.mcu.externaltools.gnu-tools-for-stm32.10.3-2021.10.win32_1.0.0.202111181127/tools/bin/../lib/gcc/arm-none-eabi/10.3.1/thumb/v7-m/nofp/crti.o
 .data          0x0000000000000000        0x0 c:/st/stm32cubeide_1.10.1/stm32cubeide/plugins/com.st.stm32cube.ide.mcu.externaltools.gnu-tools-for-stm32.10.3-2021.10.win32_1.0.0.202111181127/tools/bin/../lib/gcc/arm-none-eabi/10.3.1/thumb/v7-m/nofp/crti.o
 .bss           0x0000000000000000        0x0 c:/st/stm32cubeide_1.10.1/stm32cubeide/plugins/com.st.stm32cube.ide.mcu.externaltools.gnu-tools-for-stm32.10.3-2021.10.win32_1.0.0.202111181127/tools/bin/../lib/gcc/arm-none-eabi/10.3.1/thumb/v7-m/nofp/crti.o
[...]
Memory Configuration

Name             Origin             Length             Attributes
RAM              0x0000000020000000 0x0000000000005000 xrw
FLASH            0x0000000008000000 0x0000000000010000 xr
*default*        0x0000000000000000 0xffffffffffffffff

Linker script and memory map

LOAD c:/st/stm32cubeide_1.10.1/stm32cubeide/plugins/com.st.stm32cube.ide.mcu.externaltools.gnu-tools-for-stm32.10.3-2021.10.win32_1.0.0.202111181127/tools/bin/../lib/gcc/arm-none-eabi/10.3.1/thumb/v7-m/nofp/crti.o
LOAD c:/st/stm32cubeide_1.10.1/stm32cubeide/plugins/com.st.stm32cube.ide.mcu.externaltools.gnu-tools-for-stm32.10.3-2021.10.win32_1.0.0.202111181127/tools/bin/../lib/gcc/arm-none-eabi/10.3.1/thumb/v7-m/nofp/crtbegin.o
LOAD c:/st/stm32cubeide_1.10.1/stm32cubeide/plugins/com.st.stm32cube.ide.mcu.externaltools.gnu-tools-for-stm32.10.3-2021.10.win32_1.0.0.202111181127/tools/bin/../lib/gcc/arm-none-eabi/10.3.1/../../../../arm-none-eabi/lib/thumb/v7-m/nofp/crt0.o
LOAD ./Src/00-LIB/Software_Delay.o
LOAD ./Src/01-MCAL/00-RCC/RCC_program.o
LOAD ./Src/01-MCAL/01-PORT/PORT_program.o
LOAD ./Src/01-MCAL/02-DIO/DIO_program.o
LOAD ./Src/01-MCAL/03-STK/STK_program.o
LOAD ./Src/01-MCAL/04-NVIC/NVIC_program.o
LOAD ./Src/01-MCAL/05-EXTI/EXTI_program.o
LOAD ./Src/01-MCAL/06-AFIO/AFIO_program.o
LOAD ./Src/01-MCAL/07-I2C/I2C_program.o
LOAD ./Src/01-MCAL/08-TIM/TIM_program.o
LOAD ./Src/01-MCAL/09-SPI/SPI_program.o
LOAD ./Src/01-MCAL/10-PWM/PWM_program.o
LOAD ./Src/02-HAL/00-ENC/ENC_program.o
LOAD ./Src/02-HAL/01-ULTRASOINC/ULTRASONIC_program.o
LOAD ./Src/02-HAL/02-MOTOR/MOTOR_program.o
LOAD ./Src/main.o
LOAD ./Src/syscalls.o
LOAD ./Src/sysmem.o
LOAD ./Startup/startup_stm32f103c8tx.o
START GROUP
LOAD c:/st/stm32cubeide_1.10.1/stm32cubeide/plugins/com.st.stm32cube.ide.mcu.externaltools.gnu-tools-for-stm32.10.3-2021.10.win32_1.0.0.202111181127/tools/bin/../lib/gcc/arm-none-eabi/10.3.1/../../../../arm-none-eabi/lib/thumb/v7-m/nofp\libc_nano.a
LOAD c:/st/stm32cubeide_1.10.1/stm32cubeide/plugins/com.st.stm32cube.ide.mcu.externaltools.gnu-tools-for-stm32.10.3-2021.10.win32_1.0.0.202111181127/tools/bin/../lib/gcc/arm-none-eabi/10.3.1/../../../../arm-none-eabi/lib/thumb/v7-m/nofp\libm.a
END GROUP
START GROUP
LOAD c:/st/stm32cubeide_1.10.1/stm32cubeide/plugins/com.st.stm32cube.ide.mcu.externaltools.gnu-tools-for-stm32.10.3-2021.10.win32_1.0.0.202111181127/tools/bin/../lib/gcc/arm-none-eabi/10.3.1/thumb/v7-m/nofp\libgcc.a
LOAD c:/st/stm32cubeide_1.10.1/stm32cubeide/plugins/com.st.stm32cube.ide.mcu.externaltools.gnu-tools-for-stm32.10.3-2021.10.win32_1.0.0.202111181127/tools/bin/../lib/gcc/arm-none-eabi/10.3.1/../../../../arm-none-eabi/lib/thumb/v7-m/nofp\libc_nano.a
END GROUP
START GROUP
LOAD c:/st/stm32cubeide_1.10.1/stm32cubeide/plugins/com.st.stm32cube.ide.mcu.externaltools.gnu-tools-for-stm32.10.3-2021.10.win32_1.0.0.202111181127/tools/bin/../lib/gcc/arm-none-eabi/10.3.1/thumb/v7-m/nofp\libgcc.a
LOAD c:/st/stm32cubeide_1.10.1/stm32cubeide/plugins/com.st.stm32cube.ide.mcu.externaltools.gnu-tools-for-stm32.10.3-2021.10.win32_1.0.0.202111181127/tools/bin/../lib/gcc/arm-none-eabi/10.3.1/../../../../arm-none-eabi/lib/thumb/v7-m/nofp\libc_nano.a
LOAD c:/st/stm32cubeide_1.10.1/stm32cubeide/plugins/com.st.stm32cube.ide.mcu.externaltools.gnu-tools-for-stm32.10.3-2021.10.win32_1.0.0.202111181127/tools/bin/../lib/gcc/arm-none-eabi/10.3.1/../../../../arm-none-eabi/lib/thumb/v7-m/nofp\libnosys.a
END GROUP
START GROUP
LOAD c:/st/stm32cubeide_1.10.1/stm32cubeide/plugins/com.st.stm32cube.ide.mcu.externaltools.gnu-tools-for-stm32.10.3-2021.10.win32_1.0.0.202111181127/tools/bin/../lib/gcc/arm-none-eabi/10.3.1/thumb/v7-m/nofp\libgcc.a
LOAD c:/st/stm32cubeide_1.10.1/stm32cubeide/plugins/com.st.stm32cube.ide.mcu.externaltools.gnu-tools-for-stm32.10.3-2021.10.win32_1.0.0.202111181127/tools/bin/../lib/gcc/arm-none-eabi/10.3.1/../../../../arm-none-eabi/lib/thumb/v7-m/nofp\libc_nano.a
LOAD c:/st/stm32cubeide_1.10.1/stm32cubeide/plugins/com.st.stm32cube.ide.mcu.externaltools.gnu-tools-for-stm32.10.3-2021.10.win32_1.0.0.202111181127/tools/bin/../lib/gcc/arm-none-eabi/10.3.1/../../../../arm-none-eabi/lib/thumb/v7-m/nofp\libnosys.a
END GROUP
LOAD c:/st/stm32cubeide_1.10.1/stm32cubeide/plugins/com.st.stm32cube.ide.mcu.externaltools.gnu-tools-for-stm32.10.3-2021.10.win32_1.0.0.202111181127/tools/bin/../lib/gcc/arm-none-eabi/10.3.1/thumb/v7-m/nofp/crtend.o
LOAD c:/st/stm32cubeide_1.10.1/stm32cubeide/plugins/com.st.stm32cube.ide.mcu.externaltools.gnu-tools-for-stm32.10.3-2021.10.win32_1.0.0.202111181127/tools/bin/../lib/gcc/arm-none-eabi/10.3.1/thumb/v7-m/nofp/crtn.o
                0x0000000020005000                _estack = (ORIGIN (RAM) + LENGTH (RAM))
                0x0000000000000200                _Min_Heap_Size = 0x200
                0x0000000000000400                _Min_Stack_Size = 0x400

.isr_vector     0x0000000008000000      0x130
                0x0000000008000000                . = ALIGN (0x4)
 *(.isr_vector)
 .isr_vector    0x0000000008000000      0x130 ./Startup/startup_stm32f103c8tx.o
                0x0000000008000000                g_pfnVectors
                0x0000000008000130                . = ALIGN (0x4)

.text           0x0000000008000130      0x728
                0x0000000008000130                . = ALIGN (0x4)
 *(.text)
 .text          0x0000000008000130       0x40 c:/st/stm32cubeide_1.10.1/stm32cubeide/plugins/com.st.stm32cube.ide.mcu.externaltools.gnu-tools-for-stm32.10.3-2021.10.win32_1.0.0.202111181127/tools/bin/../lib/gcc/arm-none-eabi/10.3.1/thumb/v7-m/nofp/crtbegin.o
 *(.text*)
 .text.RCC_voidInitSysClock
                0x0000000008000170       0x2c ./Src/01-MCAL/00-RCC/RCC_program.o
                0x0000000008000170                RCC_voidInitSysClock
 .text.RCC_voidEnableClock
                0x000000000800019c       0x84 ./Src/01-MCAL/00-RCC/RCC_program.o
                0x000000000800019c                RCC_voidEnableClock
 .text.PORT_voidInit
                0x0000000008000220       0x58 ./Src/01-MCAL/01-PORT/PORT_program.o
                0x0000000008000220                PORT_voidInit
 .text.MSTK_voidStopInterval
                0x0000000008000278       0x28 ./Src/01-MCAL/03-STK/STK_program.o
                0x0000000008000278                MSTK_voidStopInterval
 .text.SysTick_Handler
                0x00000000080002a0       0x3c ./Src/01-MCAL/03-STK/STK_program.o
                0x00000000080002a0                SysTick_Handler
 .text.EXTI0_IRQHandler
                0x00000000080002dc       0x2c ./Src/01-MCAL/05-EXTI/EXTI_program.o
                0x00000000080002dc                EXTI0_IRQHandler
 .text.EXTI1_IRQHandler
                0x0000000008000308       0x2c ./Src/01-MCAL/05-EXTI/EXTI_program.o
                0x0000000008000308                EXTI1_IRQHandler
 .text.EXTI2_IRQHandler
                0x0000000008000334       0x2c ./Src/01-MCAL/05-EXTI/EXTI_program.o
                0x0000000008000334                EXTI2_IRQHandler
 .text.EXTI3_IRQHandler
                0x0000000008000360       0x2c ./Src/01-MCAL/05-EXTI/EXTI_program.o
                0x0000000008000360                EXTI3_IRQHandler
 .text.EXTI4_IRQHandler
                0x000000000800038c       0x2c ./Src/01-MCAL/05-EXTI/EXTI_program.o
                0x000000000800038c                EXTI4_IRQHandler
 .text.TIM2_IRQHandler
                0x00000000080003b8       0x38 ./Src/01-MCAL/08-TIM/TIM_program.o
                0x00000000080003b8                TIM2_IRQHandler
 .text.TIM3_IRQHandler
                0x00000000080003f0       0x38 ./Src/01-MCAL/08-TIM/TIM_program.o
                0x00000000080003f0                TIM3_IRQHandler
 .text.TIM4_IRQHandler
                0x0000000008000428       0x38 ./Src/01-MCAL/08-TIM/TIM_program.o
                0x0000000008000428                TIM4_IRQHandler
 .text.SPI_Init
                0x0000000008000460      0x1b0 ./Src/01-MCAL/09-SPI/SPI_program.o
                0x0000000008000460                SPI_Init
 .text.SPI_u8SynchTransceive
                0x0000000008000610       0x9c ./Src/01-MCAL/09-SPI/SPI_program.o
                0x0000000008000610                SPI_u8SynchTransceive
 .text.SPI_State
                0x00000000080006ac       0x74 ./Src/01-MCAL/09-SPI/SPI_program.o
                0x00000000080006ac                SPI_State
 .text.main     0x0000000008000720       0x84 ./Src/main.o
                0x0000000008000720                main
 .text.Reset_Handler
                0x00000000080007a4       0x50 ./Startup/startup_stm32f103c8tx.o
                0x00000000080007a4                Reset_Handler
 .text.Default_Handler
                0x00000000080007f4        0x2 ./Startup/startup_stm32f103c8tx.o
                0x00000000080007f4                TIM8_TRG_COM_IRQHandler
                0x00000000080007f4                TIM8_CC_IRQHandler
                0x00000000080007f4                DebugMon_Handler
                0x00000000080007f4                TIM1_CC_IRQHandler
                0x00000000080007f4                HardFault_Handler
                0x00000000080007f4                TIM6_IRQHandler
                0x00000000080007f4                PVD_IRQHandler
                0x00000000080007f4                SDIO_IRQHandler
                0x00000000080007f4                PendSV_Handler
                0x00000000080007f4                NMI_Handler
                0x00000000080007f4                USB_HP_CAN_TX_IRQHandler
                0x00000000080007f4                I2C2_EV_IRQHandler
                0x00000000080007f4                UsageFault_Handler
                0x00000000080007f4                ADC1_2_IRQHandler
                0x00000000080007f4                SPI1_IRQHandler
                0x00000000080007f4                CAN_SCE_IRQHandler
                0x00000000080007f4                TAMPER_IRQHandler
                0x00000000080007f4                TIM8_UP_IRQHandler
                0x00000000080007f4                DMA2_Channel2_IRQHandler
                0x00000000080007f4                DMA1_Channel4_IRQHandler
                0x00000000080007f4                USART3_IRQHandler
                0x00000000080007f4                RTC_IRQHandler
                0x00000000080007f4                DMA1_Channel7_IRQHandler
                0x00000000080007f4                UART5_IRQHandler
                0x00000000080007f4                ADC3_IRQHandler
                0x00000000080007f4                CAN_RX1_IRQHandler
                0x00000000080007f4                DMA2_Channel1_IRQHandler
                0x00000000080007f4                I2C1_EV_IRQHandler
                0x00000000080007f4                DMA1_Channel6_IRQHandler
                0x00000000080007f4                UART4_IRQHandler
                0x00000000080007f4                RCC_IRQHandler
                0x00000000080007f4                TIM1_TRG_COM_IRQHandler
                0x00000000080007f4                DMA1_Channel1_IRQHandler
                0x00000000080007f4                Default_Handler
                0x00000000080007f4                EXTI15_10_IRQHandler
                0x00000000080007f4                TIM7_IRQHandler
                0x00000000080007f4                TIM5_IRQHandler
                0x00000000080007f4                EXTI9_5_IRQHandler
                0x00000000080007f4                SPI2_IRQHandler
                0x00000000080007f4                USB_LP_CAN_RX0_IRQHandler
                0x00000000080007f4                MemManage_Handler
                0x00000000080007f4                SVC_Handler
                0x00000000080007f4                DMA1_Channel5_IRQHandler
                0x00000000080007f4                DMA1_Channel3_IRQHandler
                0x00000000080007f4                FSMC_IRQHandler
                0x00000000080007f4                TIM1_UP_IRQHandler
                0x00000000080007f4                WWDG_IRQHandler
                0x00000000080007f4                TIM1_BRK_IRQHandler
                0x00000000080007f4                RTCAlarm_IRQHandler
                0x00000000080007f4                DMA2_Channel4_5_IRQHandler
                0x00000000080007f4                USART2_IRQHandler
                0x00000000080007f4                I2C2_ER_IRQHandler
                0x00000000080007f4                DMA1_Channel2_IRQHandler
                0x00000000080007f4                TIM8_BRK_IRQHandler
                0x00000000080007f4                FLASH_IRQHandler
                0x00000000080007f4                BusFault_Handler
                0x00000000080007f4                USART1_IRQHandler
                0x00000000080007f4                SPI3_IRQHandler
                0x00000000080007f4                I2C1_ER_IRQHandler
                0x00000000080007f4                DMA2_Channel3_IRQHandler
 *fill*         0x00000000080007f6        0x2 
 .text.__libc_init_array
                0x00000000080007f8       0x48 c:/st/stm32cubeide_1.10.1/stm32cubeide/plugins/com.st.stm32cube.ide.mcu.externaltools.gnu-tools-for-stm32.10.3-2021.10.win32_1.0.0.202111181127/tools/bin/../lib/gcc/arm-none-eabi/10.3.1/../../../../arm-none-eabi/lib/thumb/v7-m/nofp\libc_nano.a(lib_a-init.o)
                0x00000000080007f8                __libc_init_array
 *(.glue_7)
 .glue_7        0x0000000008000840        0x0 linker stubs
 *(.glue_7t)
 .glue_7t       0x0000000008000840        0x0 linker stubs
 *(.eh_frame)
 .eh_frame      0x0000000008000840        0x0 c:/st/stm32cubeide_1.10.1/stm32cubeide/plugins/com.st.stm32cube.ide.mcu.externaltools.gnu-tools-for-stm32.10.3-2021.10.win32_1.0.0.202111181127/tools/bin/../lib/gcc/arm-none-eabi/10.3.1/thumb/v7-m/nofp/crtbegin.o
 *(.init)
 .init          0x0000000008000840        0x4 c:/st/stm32cubeide_1.10.1/stm32cubeide/plugins/com.st.stm32cube.ide.mcu.externaltools.gnu-tools-for-stm32.10.3-2021.10.win32_1.0.0.202111181127/tools/bin/../lib/gcc/arm-none-eabi/10.3.1/thumb/v7-m/nofp/crti.o
                0x0000000008000840                _init
 .init          0x0000000008000844        0x8 c:/st/stm32cubeide_1.10.1/stm32cubeide/plugins/com.st.stm32cube.ide.mcu.externaltools.gnu-tools-for-stm32.10.3-2021.10.win32_1.0.0.202111181127/tools/bin/../lib/gcc/arm-none-eabi/10.3.1/thumb/v7-m/nofp/crtn.o
 *(.fini)
 .fini          0x000000000800084c        0x4 c:/st/stm32cubeide_1.10.1/stm32cubeide/plugins/com.st.stm32cube.ide.mcu.externaltools.gnu-tools-for-stm32.10.3-2021.10.win32_1.0.0.202111181127/tools/bin/../lib/gcc/arm-none-eabi/10.3.1/thumb/v7-m/nofp/crti.o
                0x000000000800084c                _fini
 .fini          0x0000000008000850        0x8 c:/st/stm32cubeide_1.10.1/stm32cubeide/plugins/com.st.stm32cube.ide.mcu.externaltools.gnu-tools-for-stm32.10.3-2021.10.win32_1.0.0.202111181127/tools/bin/../lib/gcc/arm-none-eabi/10.3.1/thumb/v7-m/nofp/crtn.o
                0x0000000008000858                . = ALIGN (0x4)
                0x0000000008000858                _etext = .

.vfp11_veneer   0x0000000008000858        0x0
 .vfp11_veneer  0x0000000008000858        0x0 linker stubs

.v4_bx          0x0000000008000858        0x0
 .v4_bx         0x0000000008000858        0x0 linker stubs

.iplt           0x0000000008000858        0x0
 .iplt          0x0000000008000858        0x0 c:/st/stm32cubeide_1.10.1/stm32cubeide/plugins/com.st.stm32cube.ide.mcu.externaltools.gnu-tools-for-stm32.10.3-2021.10.win32_1.0.0.202111181127/tools/bin/../lib/gcc/arm-none-eabi/10.3.1/thumb/v7-m/nofp/crtbegin.o

.rodata         0x0000000008000858       0x10
                0x0000000008000858                . = ALIGN (0x4)
 *(.rodata)
 .rodata        0x0000000008000858        0x6 ./Src/main.o
 *(.rodata*)
 *fill*         0x000000000800085e        0x2 
 .rodata.SPI    0x0000000008000860        0x8 ./Src/01-MCAL/09-SPI/SPI_program.o
                0x0000000008000868                . = ALIGN (0x4)

.rel.dyn        0x0000000008000868        0x0
 .rel.iplt      0x0000000008000868        0x0 c:/st/stm32cubeide_1.10.1/stm32cubeide/plugins/com.st.stm32cube.ide.mcu.externaltools.gnu-tools-for-stm32.10.3-2021.10.win32_1.0.0.202111181127/tools/bin/../lib/gcc/arm-none-eabi/10.3.1/thumb/v7-m/nofp/crtbegin.o

.ARM.extab      0x0000000008000868        0x0
                0x0000000008000868                . = ALIGN (0x4)
 *(.ARM.extab* .gnu.linkonce.armextab.*)
                0x0000000008000868                . = ALIGN (0x4)

.ARM            0x0000000008000868        0x0
                0x0000000008000868                . = ALIGN (0x4)
                0x0000000008000868                __exidx_start = .
 *(.ARM.exidx*)
                0x0000000008000868                __exidx_end = .
                0x0000000008000868                . = ALIGN (0x4)

.preinit_array  0x0000000008000868        0x0
                0x0000000008000868                . = ALIGN (0x4)
                0x0000000008000868                PROVIDE (__preinit_array_start = .)
 *(.preinit_array*)
                0x0000000008000868                PROVIDE (__preinit_array_end = .)
                0x0000000008000868                . = ALIGN (0x4)

.init_array     0x0000000008000868        0x4
                0x0000000008000868                . = ALIGN (0x4)
                0x0000000008000868                PROVIDE (__init_array_start = .)
 *(SORT_BY_NAME(.init_array.*))
 *(.init_array*)
 .init_array    0x0000000008000868        0x4 c:/st/stm32cubeide_1.10.1/stm32cubeide/plugins/com.st.stm32cube.ide.mcu.externaltools.gnu-tools-for-stm32.10.3-2021.10.win32_1.0.0.202111181127/tools/bin/../lib/gcc/arm-none-eabi/10.3.1/thumb/v7-m/nofp/crtbegin.o
                0x000000000800086c                PROVIDE (__init_array_end = .)
                0x000000000800086c                . = ALIGN (0x4)

.fini_array     0x000000000800086c        0x4
                0x000000000800086c                . = ALIGN (0x4)
                [!provide]                        PROVIDE (__fini_array_start = .)
 *(SORT_BY_NAME(.fini_array.*))
 *(.fini_array*)
 .fini_array    0x000000000800086c        0x4 c:/st/stm32cubeide_1.10.1/stm32cubeide/plugins/com.st.stm32cube.ide.mcu.externaltools.gnu-tools-for-stm32.10.3-2021.10.win32_1.0.0.202111181127/tools/bin/../lib/gcc/arm-none-eabi/10.3.1/thumb/v7-m/nofp/crtbegin.o
                [!provide]                        PROVIDE (__fini_array_end = .)
                0x0000000008000870                . = ALIGN (0x4)
                0x0000000008000870                _sidata = LOADADDR (.data)

.data           0x0000000020000000        0x0 load address 0x0000000008000870
                0x0000000020000000                . = ALIGN (0x4)
                0x0000000020000000                _sdata = .
 *(.data)
 *(.data*)
 *(.RamFunc)
 *(.RamFunc*)
                0x0000000020000000                . = ALIGN (0x4)
                0x0000000020000000                _edata = .

.igot.plt       0x0000000020000000        0x0 load address 0x0000000008000870
 .igot.plt      0x0000000020000000        0x0 c:/st/stm32cubeide_1.10.1/stm32cubeide/plugins/com.st.stm32cube.ide.mcu.externaltools.gnu-tools-for-stm32.10.3-2021.10.win32_1.0.0.202111181127/tools/bin/../lib/gcc/arm-none-eabi/10.3.1/thumb/v7-m/nofp/crtbegin.o
                0x0000000020000000                . = ALIGN (0x4)

.bss            0x0000000020000000       0x74 load address 0x0000000008000870
                0x0000000020000000                _sbss = .
                0x0000000020000000                __bss_start__ = _sbss
 *(.bss)
 .bss           0x0000000020000000       0x1c c:/st/stm32cubeide_1.10.1/stm32cubeide/plugins/com.st.stm32cube.ide.mcu.externaltools.gnu-tools-for-stm32.10.3-2021.10.win32_1.0.0.202111181127/tools/bin/../lib/gcc/arm-none-eabi/10.3.1/thumb/v7-m/nofp/crtbegin.o
 *(.bss*)
 .bss.Global_voidPtrCallbackFunc
                0x000000002000001c        0x4 ./Src/01-MCAL/03-STK/STK_program.o
                0x000000002000001c                Global_voidPtrCallbackFunc
 .bss.MSTK_u8ModeOfinterval
                0x0000000020000020        0x1 ./Src/01-MCAL/03-STK/STK_program.o
 *fill*         0x0000000020000021        0x3 
 .bss.Global_pvEXTICallBackFunc
                0x0000000020000024       0x40 ./Src/01-MCAL/05-EXTI/EXTI_program.o
 .bss.Global_voidTIM2PtrCallbackFunc
                0x0000000020000064        0x4 ./Src/01-MCAL/08-TIM/TIM_program.o
                0x0000000020000064                Global_voidTIM2PtrCallbackFunc
 .bss.Global_voidTIM3PtrCallbackFunc
                0x0000000020000068        0x4 ./Src/01-MCAL/08-TIM/TIM_program.o
                0x0000000020000068                Global_voidTIM3PtrCallbackFunc
 .bss.Global_voidTIM4PtrCallbackFunc
                0x000000002000006c        0x4 ./Src/01-MCAL/08-TIM/TIM_program.o
                0x000000002000006c                Global_voidTIM4PtrCallbackFunc
 .bss.Global_u8FlagTIM2
                0x0000000020000070        0x1 ./Src/01-MCAL/08-TIM/TIM_program.o
                0x0000000020000070                Global_u8FlagTIM2
 .bss.Global_u8FlagTIM3
                0x0000000020000071        0x1 ./Src/01-MCAL/08-TIM/TIM_program.o
                0x0000000020000071                Global_u8FlagTIM3
 .bss.Global_u8FlagTIM4
                0x0000000020000072        0x1 ./Src/01-MCAL/08-TIM/TIM_program.o
                0x0000000020000072                Global_u8FlagTIM4
 *(COMMON)
                0x0000000020000074                . = ALIGN (0x4)
 *fill*         0x0000000020000073        0x1 
                0x0000000020000074                _ebss = .
                0x0000000020000074                __bss_end__ = _ebss

._user_heap_stack
                0x0000000020000074      0x604 load address 0x0000000008000870
                0x0000000020000078                . = ALIGN (0x8)
 *fill*         0x0000000020000074        0x4 
                [!provide]                        PROVIDE (end = .)
                0x0000000020000078                PROVIDE (_end = .)
                0x0000000020000278                . = (. + _Min_Heap_Size)
 *fill*         0x0000000020000078      0x200 
                0x0000000020000678                . = (. + _Min_Stack_Size)
 *fill*         0x0000000020000278      0x400 
                0x0000000020000678                . = ALIGN (0x8)

/DISCARD/
 libc.a(*)
 libm.a(*)
 libgcc.a(*)

.ARM.attributes
                0x0000000000000000       0x29
 *(.ARM.attributes)
 .ARM.attributes
                0x0000000000000000       0x1d c:/st/stm32cubeide_1.10.1/stm32cubeide/plugins/com.st.stm32cube.ide.mcu.externaltools.gnu-tools-for-stm32.10.3-2021.10.win32_1.0.0.202111181127/tools/bin/../lib/gcc/arm-none-eabi/10.3.1/thumb/v7-m/nofp/crti.o
 .ARM.attributes
                0x000000000000001d       0x2d c:/st/stm32cubeide_1.10.1/stm32cubeide/plugins/com.st.stm32cube.ide.mcu.externaltools.gnu-tools-for-stm32.10.3-2021.10.win32_1.0.0.202111181127/tools/bin/../lib/gcc/arm-none-eabi/10.3.1/thumb/v7-m/nofp/crtbegin.o
 .ARM.attributes
                0x000000000000004a       0x2d ./Src/01-MCAL/00-RCC/RCC_program.o
 .ARM.attributes
                0x0000000000000077       0x2d ./Src/01-MCAL/01-PORT/PORT_program.o
 .ARM.attributes
                0x00000000000000a4       0x2d ./Src/01-MCAL/03-STK/STK_program.o
 .ARM.attributes
                0x00000000000000d1       0x2d ./Src/01-MCAL/05-EXTI/EXTI_program.o
 .ARM.attributes
                0x00000000000000fe       0x2d ./Src/01-MCAL/08-TIM/TIM_program.o
 .ARM.attributes
                0x000000000000012b       0x2d ./Src/01-MCAL/09-SPI/SPI_program.o
 .ARM.attributes
                0x0000000000000158       0x2d ./Src/main.o
 .ARM.attributes
                0x0000000000000185       0x21 ./Startup/startup_stm32f103c8tx.o
 .ARM.attributes
                0x00000000000001a6       0x2d c:/st/stm32cubeide_1.10.1/stm32cubeide/plugins/com.st.stm32cube.ide.mcu.externaltools.gnu-tools-for-stm32.10.3-2021.10.win32_1.0.0.202111181127/tools/bin/../lib/gcc/arm-none-eabi/10.3.1/../../../../arm-none-eabi/lib/thumb/v7-m/nofp\libc_nano.a(lib_a-init.o)
 .ARM.attributes
                0x00000000000001d3       0x1d c:/st/stm32cubeide_1.10.1/stm32cubeide/plugins/com.st.stm32cube.ide.mcu.externaltools.gnu-tools-for-stm32.10.3-2021.10.win32_1.0.0.202111181127/tools/bin/../lib/gcc/arm-none-eabi/10.3.1/thumb/v7-m/nofp/crtn.o
OUTPUT(SPI_Driver_Version2.elf elf32-littlearm)
LOAD linker stubs
LOAD c:/st/stm32cubeide_1.10.1/stm32cubeide/plugins/com.st.stm32cube.ide.mcu.externaltools.gnu-tools-for-stm32.10.3-2021.10.win32_1.0.0.202111181127/tools/bin/../lib/gcc/arm-none-eabi/10.3.1/../../../../arm-none-eabi/lib/thumb/v7-m/nofp\libc.a
LOAD c:/st/stm32cubeide_1.10.1/stm32cubeide/plugins/com.st.stm32cube.ide.mcu.externaltools.gnu-tools-for-stm32.10.3-2021.10.win32_1.0.0.202111181127/tools/bin/../lib/gcc/arm-none-eabi/10.3.1/../../../../arm-none-eabi/lib/thumb/v7-m/nofp\libm.a
LOAD c:/st/stm32cubeide_1.10.1/stm32cubeide/plugins/com.st.stm32cube.ide.mcu.externaltools.gnu-tools-for-stm32.10.3-2021.10.win32_1.0.0.202111181127/tools/bin/../lib/gcc/arm-none-eabi/10.3.1/thumb/v7-m/nofp\libgcc.a

.debug_info     0x0000000000000000     0x187a
 .debug_info    0x0000000000000000      0x1b9 ./Src/01-MCAL/00-RCC/RCC_program.o
 .debug_info    0x00000000000001b9       0xf8 ./Src/01-MCAL/01-PORT/PORT_program.o
 .debug_info    0x00000000000002b1      0x239 ./Src/01-MCAL/03-STK/STK_program.o
 .debug_info    0x00000000000004ea      0x32e ./Src/01-MCAL/05-EXTI/EXTI_program.o
 .debug_info    0x0000000000000818      0x7b1 ./Src/01-MCAL/08-TIM/TIM_program.o
 .debug_info    0x0000000000000fc9      0x53a ./Src/01-MCAL/09-SPI/SPI_program.o
 .debug_info    0x0000000000001503      0x355 ./Src/main.o
 .debug_info    0x0000000000001858       0x22 ./Startup/startup_stm32f103c8tx.o

.debug_abbrev   0x0000000000000000      0x781
 .debug_abbrev  0x0000000000000000       0xcb ./Src/01-MCAL/00-RCC/RCC_program.o
 .debug_abbrev  0x00000000000000cb       0x8b ./Src/01-MCAL/01-PORT/PORT_program.o
 .debug_abbrev  0x0000000000000156      0x136 ./Src/01-MCAL/03-STK/STK_program.o
 .debug_abbrev  0x000000000000028c      0x126 ./Src/01-MCAL/05-EXTI/EXTI_program.o
 .debug_abbrev  0x00000000000003b2      0x1a3 ./Src/01-MCAL/08-TIM/TIM_program.o
 .debug_abbrev  0x0000000000000555      0x107 ./Src/01-MCAL/09-SPI/SPI_program.o
 .debug_abbrev  0x000000000000065c      0x113 ./Src/main.o
 .debug_abbrev  0x000000000000076f       0x12 ./Startup/startup_stm32f103c8tx.o

.debug_aranges  0x0000000000000000      0x320
 .debug_aranges
                0x0000000000000000       0x30 ./Src/01-MCAL/00-RCC/RCC_program.o
 .debug_aranges
                0x0000000000000030       0x20 ./Src/01-MCAL/01-PORT/PORT_program.o
 .debug_aranges
                0x0000000000000050       0x68 ./Src/01-MCAL/03-STK/STK_program.o
 .debug_aranges
                0x00000000000000b8       0xa0 ./Src/01-MCAL/05-EXTI/EXTI_program.o
 .debug_aranges
                0x0000000000000158      0x150 ./Src/01-MCAL/08-TIM/TIM_program.o
 .debug_aranges
                0x00000000000002a8       0x30 ./Src/01-MCAL/09-SPI/SPI_program.o
 .debug_aranges
                0x00000000000002d8       0x20 ./Src/main.o
 .debug_aranges
                0x00000000000002f8       0x28 ./Startup/startup_stm32f103c8tx.o

.debug_ranges   0x0000000000000000      0x2a8
 .debug_ranges  0x0000000000000000       0x20 ./Src/01-MCAL/00-RCC/RCC_program.o
 .debug_ranges  0x0000000000000020       0x10 ./Src/01-MCAL/01-PORT/PORT_program.o
 .debug_ranges  0x0000000000000030       0x58 ./Src/01-MCAL/03-STK/STK_program.o
 .debug_ranges  0x0000000000000088       0x90 ./Src/01-MCAL/05-EXTI/EXTI_program.o
 .debug_ranges  0x0000000000000118      0x140 ./Src/01-MCAL/08-TIM/TIM_program.o
 .debug_ranges  0x0000000000000258       0x20 ./Src/01-MCAL/09-SPI/SPI_program.o
 .debug_ranges  0x0000000000000278       0x10 ./Src/main.o
 .debug_ranges  0x0000000000000288       0x20 ./Startup/startup_stm32f103c8tx.o

.debug_macro    0x0000000000000000      0xae4
 .debug_macro   0x0000000000000000       0x47 ./Src/01-MCAL/00-RCC/RCC_program.o
 .debug_macro   0x0000000000000047       0x52 ./Src/01-MCAL/00-RCC/RCC_program.o
 .debug_macro   0x0000000000000099       0x28 ./Src/01-MCAL/00-RCC/RCC_program.o
 .debug_macro   0x00000000000000c1      0x13c ./Src/01-MCAL/00-RCC/RCC_program.o
 .debug_macro   0x00000000000001fd       0xa6 ./Src/01-MCAL/00-RCC/RCC_program.o
 .debug_macro   0x00000000000002a3       0x40 ./Src/01-MCAL/00-RCC/RCC_program.o
 .debug_macro   0x00000000000002e3       0x3f ./Src/01-MCAL/01-PORT/PORT_program.o
 .debug_macro   0x0000000000000322      0x1ae ./Src/01-MCAL/01-PORT/PORT_program.o
 .debug_macro   0x00000000000004d0      0x11c ./Src/01-MCAL/01-PORT/PORT_program.o
 .debug_macro   0x00000000000005ec       0x3e ./Src/01-MCAL/03-STK/STK_program.o
 .debug_macro   0x000000000000062a       0x1c ./Src/01-MCAL/03-STK/STK_program.o
 .debug_macro   0x0000000000000646       0x46 ./Src/01-MCAL/03-STK/STK_program.o
 .debug_macro   0x000000000000068c       0x10 ./Src/01-MCAL/03-STK/STK_program.o
 .debug_macro   0x000000000000069c       0x48 ./Src/01-MCAL/05-EXTI/EXTI_program.o
 .debug_macro   0x00000000000006e4       0x7c ./Src/01-MCAL/05-EXTI/EXTI_program.o
 .debug_macro   0x0000000000000760       0x16 ./Src/01-MCAL/05-EXTI/EXTI_program.o
 .debug_macro   0x0000000000000776       0x16 ./Src/01-MCAL/05-EXTI/EXTI_program.o
 .debug_macro   0x000000000000078c       0x3f ./Src/01-MCAL/08-TIM/TIM_program.o
 .debug_macro   0x00000000000007cb      0x173 ./Src/01-MCAL/08-TIM/TIM_program.o
 .debug_macro   0x000000000000093e       0x76 ./Src/01-MCAL/08-TIM/TIM_program.o
 .debug_macro   0x00000000000009b4       0x40 ./Src/01-MCAL/09-SPI/SPI_program.o
 .debug_macro   0x00000000000009f4       0x28 ./Src/01-MCAL/09-SPI/SPI_program.o
 .debug_macro   0x0000000000000a1c       0xc8 ./Src/main.o

.debug_line     0x0000000000000000     0x1493
 .debug_line    0x0000000000000000      0x189 ./Src/01-MCAL/00-RCC/RCC_program.o
 .debug_line    0x0000000000000189      0x124 ./Src/01-MCAL/01-PORT/PORT_program.o
 .debug_line    0x00000000000002ad      0x234 ./Src/01-MCAL/03-STK/STK_program.o
 .debug_line    0x00000000000004e1      0x32d ./Src/01-MCAL/05-EXTI/EXTI_program.o
 .debug_line    0x000000000000080e      0x6c0 ./Src/01-MCAL/08-TIM/TIM_program.o
 .debug_line    0x0000000000000ece      0x21d ./Src/01-MCAL/09-SPI/SPI_program.o
 .debug_line    0x00000000000010eb      0x324 ./Src/main.o
 .debug_line    0x000000000000140f       0x84 ./Startup/startup_stm32f103c8tx.o

.debug_str      0x0000000000000000     0x7219
 .debug_str     0x0000000000000000     0x3687 ./Src/01-MCAL/00-RCC/RCC_program.o
                                       0x36fe (size before relaxing)
 .debug_str     0x0000000000003687     0x1ca3 ./Src/01-MCAL/01-PORT/PORT_program.o
                                       0x4d12 (size before relaxing)
 .debug_str     0x000000000000532a      0x2da ./Src/01-MCAL/03-STK/STK_program.o
                                       0x3349 (size before relaxing)
 .debug_str     0x0000000000005604      0x397 ./Src/01-MCAL/05-EXTI/EXTI_program.o
                                       0x3426 (size before relaxing)
 .debug_str     0x000000000000599b      0xb73 ./Src/01-MCAL/08-TIM/TIM_program.o
                                       0x3c16 (size before relaxing)
 .debug_str     0x000000000000650e      0x68c ./Src/01-MCAL/09-SPI/SPI_program.o
                                       0x3708 (size before relaxing)
 .debug_str     0x0000000000006b9a      0x64e ./Src/main.o
                                       0x3e62 (size before relaxing)
 .debug_str     0x00000000000071e8       0x31 ./Startup/startup_stm32f103c8tx.o
                                         0x8e (size before relaxing)

.comment        0x0000000000000000       0x50
 .comment       0x0000000000000000       0x50 ./Src/01-MCAL/00-RCC/RCC_program.o
                                         0x51 (size before relaxing)
 .comment       0x0000000000000050       0x51 ./Src/01-MCAL/01-PORT/PORT_program.o
 .comment       0x0000000000000050       0x51 ./Src/01-MCAL/03-STK/STK_program.o
 .comment       0x0000000000000050       0x51 ./Src/01-MCAL/05-EXTI/EXTI_program.o
 .comment       0x0000000000000050       0x51 ./Src/01-MCAL/08-TIM/TIM_program.o
 .comment       0x0000000000000050       0x51 ./Src/01-MCAL/09-SPI/SPI_program.o
 .comment       0x0000000000000050       0x51 ./Src/main.o

.debug_frame    0x0000000000000000      0xa5c
 .debug_frame   0x0000000000000000       0x80 ./Src/01-MCAL/00-RCC/RCC_program.o
 .debug_frame   0x0000000000000080       0x30 ./Src/01-MCAL/01-PORT/PORT_program.o
 .debug_frame   0x00000000000000b0      0x170 ./Src/01-MCAL/03-STK/STK_program.o
 .debug_frame   0x0000000000000220      0x22c ./Src/01-MCAL/05-EXTI/EXTI_program.o
 .debug_frame   0x000000000000044c      0x52c ./Src/01-MCAL/08-TIM/TIM_program.o
 .debug_frame   0x0000000000000978       0x88 ./Src/01-MCAL/09-SPI/SPI_program.o
 .debug_frame   0x0000000000000a00       0x30 ./Src/main.o
 .debug_frame   0x0000000000000a30       0x2c c:/st/stm32cubeide_1.10.1/stm32cubeide/plugins/com.st.stm32cube.ide.mcu.externaltools.gnu-tools-for-stm32.10.3-2021.10.win32_1.0.0.202111181127/tools/bin/../lib/gcc/arm-none-eabi/10.3.1/../../../../arm-none-eabi/lib/thumb/v7-m/nofp\libc_nano.a(lib_a-init.o)
