Archive member included to satisfy reference by file (symbol)

c:/st/stm32cubeide_1.10.1/stm32cubeide/plugins/com.st.stm32cube.ide.mcu.externaltools.gnu-tools-for-stm32.10.3-2021.10.win32_1.0.0.202111181127/tools/bin/../lib/gcc/arm-none-eabi/10.3.1/../../../../arm-none-eabi/lib/thumb/v7-m/nofp\libc_nano.a(lib_a-errno.o)
                              ./Src/syscalls.o (__errno)
c:/st/stm32cubeide_1.10.1/stm32cubeide/plugins/com.st.stm32cube.ide.mcu.externaltools.gnu-tools-for-stm32.10.3-2021.10.win32_1.0.0.202111181127/tools/bin/../lib/gcc/arm-none-eabi/10.3.1/../../../../arm-none-eabi/lib/thumb/v7-m/nofp\libc_nano.a(lib_a-exit.o)
                              c:/st/stm32cubeide_1.10.1/stm32cubeide/plugins/com.st.stm32cube.ide.mcu.externaltools.gnu-tools-for-stm32.10.3-2021.10.win32_1.0.0.202111181127/tools/bin/../lib/gcc/arm-none-eabi/10.3.1/../../../../arm-none-eabi/lib/thumb/v7-m/nofp/crt0.o (exit)
c:/st/stm32cubeide_1.10.1/stm32cubeide/plugins/com.st.stm32cube.ide.mcu.externaltools.gnu-tools-for-stm32.10.3-2021.10.win32_1.0.0.202111181127/tools/bin/../lib/gcc/arm-none-eabi/10.3.1/../../../../arm-none-eabi/lib/thumb/v7-m/nofp\libc_nano.a(lib_a-impure.o)
                              c:/st/stm32cubeide_1.10.1/stm32cubeide/plugins/com.st.stm32cube.ide.mcu.externaltools.gnu-tools-for-stm32.10.3-2021.10.win32_1.0.0.202111181127/tools/bin/../lib/gcc/arm-none-eabi/10.3.1/../../../../arm-none-eabi/lib/thumb/v7-m/nofp\libc_nano.a(lib_a-exit.o) (_global_impure_ptr)
c:/st/stm32cubeide_1.10.1/stm32cubeide/plugins/com.st.stm32cube.ide.mcu.externaltools.gnu-tools-for-stm32.10.3-2021.10.win32_1.0.0.202111181127/tools/bin/../lib/gcc/arm-none-eabi/10.3.1/../../../../arm-none-eabi/lib/thumb/v7-m/nofp\libc_nano.a(lib_a-init.o)
                              c:/st/stm32cubeide_1.10.1/stm32cubeide/plugins/com.st.stm32cube.ide.mcu.externaltools.gnu-tools-for-stm32.10.3-2021.10.win32_1.0.0.202111181127/tools/bin/../lib/gcc/arm-none-eabi/10.3.1/../../../../arm-none-eabi/lib/thumb/v7-m/nofp/crt0.o (__libc_init_array)
c:/st/stm32cubeide_1.10.1/stm32cubeide/plugins/com.st.stm32cube.ide.mcu.externaltools.gnu-tools-for-stm32.10.3-2021.10.win32_1.0.0.202111181127/tools/bin/../lib/gcc/arm-none-eabi/10.3.1/../../../../arm-none-eabi/lib/thumb/v7-m/nofp\libc_nano.a(lib_a-memset.o)
                              c:/st/stm32cubeide_1.10.1/stm32cubeide/plugins/com.st.stm32cube.ide.mcu.externaltools.gnu-tools-for-stm32.10.3-2021.10.win32_1.0.0.202111181127/tools/bin/../lib/gcc/arm-none-eabi/10.3.1/../../../../arm-none-eabi/lib/thumb/v7-m/nofp/crt0.o (memset)
c:/st/stm32cubeide_1.10.1/stm32cubeide/plugins/com.st.stm32cube.ide.mcu.externaltools.gnu-tools-for-stm32.10.3-2021.10.win32_1.0.0.202111181127/tools/bin/../lib/gcc/arm-none-eabi/10.3.1/thumb/v7-m/nofp\libgcc.a(_arm_mulsf3.o)
                              ./Src/02-HAL/01-ULTRASOINC/ULTRASONIC_program.o (__aeabi_fmul)
c:/st/stm32cubeide_1.10.1/stm32cubeide/plugins/com.st.stm32cube.ide.mcu.externaltools.gnu-tools-for-stm32.10.3-2021.10.win32_1.0.0.202111181127/tools/bin/../lib/gcc/arm-none-eabi/10.3.1/thumb/v7-m/nofp\libgcc.a(_arm_addsubsf3.o)
                              ./Src/03-APP/00-PID/PID.o (__aeabi_fsub)
c:/st/stm32cubeide_1.10.1/stm32cubeide/plugins/com.st.stm32cube.ide.mcu.externaltools.gnu-tools-for-stm32.10.3-2021.10.win32_1.0.0.202111181127/tools/bin/../lib/gcc/arm-none-eabi/10.3.1/thumb/v7-m/nofp\libgcc.a(_arm_muldivsf3.o)
                              ./Src/02-HAL/01-ULTRASOINC/ULTRASONIC_program.o (__aeabi_fdiv)
c:/st/stm32cubeide_1.10.1/stm32cubeide/plugins/com.st.stm32cube.ide.mcu.externaltools.gnu-tools-for-stm32.10.3-2021.10.win32_1.0.0.202111181127/tools/bin/../lib/gcc/arm-none-eabi/10.3.1/thumb/v7-m/nofp\libgcc.a(_arm_cmpsf2.o)
                              ./Src/03-APP/00-PID/PID.o (__aeabi_fcmplt)
c:/st/stm32cubeide_1.10.1/stm32cubeide/plugins/com.st.stm32cube.ide.mcu.externaltools.gnu-tools-for-stm32.10.3-2021.10.win32_1.0.0.202111181127/tools/bin/../lib/gcc/arm-none-eabi/10.3.1/thumb/v7-m/nofp\libgcc.a(_arm_fixsfsi.o)
                              ./Src/03-APP/00-PID/PID.o (__aeabi_f2iz)
c:/st/stm32cubeide_1.10.1/stm32cubeide/plugins/com.st.stm32cube.ide.mcu.externaltools.gnu-tools-for-stm32.10.3-2021.10.win32_1.0.0.202111181127/tools/bin/../lib/gcc/arm-none-eabi/10.3.1/thumb/v7-m/nofp\libgcc.a(_arm_fixunssfsi.o)
                              ./Src/02-HAL/01-ULTRASOINC/ULTRASONIC_program.o (__aeabi_f2uiz)

Discarded input sections

 .text          0x0000000000000000        0x0 c:/st/stm32cubeide_1.10.1/stm32cubeide/plugins/com.st.stm32cube.ide.mcu.externaltools.gnu-tools-for-stm32.10.3-2021.10.win32_1.0.0.202111181127/tools/bin/../lib/gcc/arm-none-eabi/10.3.1/thumb/v7-m/nofp/crti.o
 .data          0x0000000000000000        0x0 c:/st/stm32cubeide_1.10.1/stm32cubeide/plugins/com.st.stm32cube.ide.mcu.externaltools.gnu-tools-for-stm32.10.3-2021.10.win32_1.0.0.202111181127/tools/bin/../lib/gcc/arm-none-eabi/10.3.1/thumb/v7-m/nofp/crti.o
[...]
Memory Configuration

Name             Origin             Length             Attributes
RAM              0x0000000020000000 0x0000000000005000 xrw
FLASH            0x0000000008000000 0x0000000000010000 xr
*default*        0x0000000000000000 0xffffffffffffffff

Linker script and memory map

LOAD c:/st/stm32cubeide_1.10.1/stm32cubeide/plugins/com.st.stm32cube.ide.mcu.externaltools.gnu-tools-for-stm32.10.3-2021.10.win32_1.0.0.202111181127/tools/bin/../lib/gcc/arm-none-eabi/10.3.1/thumb/v7-m/nofp/crti.o
LOAD c:/st/stm32cubeide_1.10.1/stm32cubeide/plugins/com.st.stm32cube.ide.mcu.externaltools.gnu-tools-for-stm32.10.3-2021.10.win32_1.0.0.202111181127/tools/bin/../lib/gcc/arm-none-eabi/10.3.1/thumb/v7-m/nofp/crtbegin.o
LOAD c:/st/stm32cubeide_1.10.1/stm32cubeide/plugins/com.st.stm32cube.ide.mcu.externaltools.gnu-tools-for-stm32.10.3-2021.10.win32_1.0.0.202111181127/tools/bin/../lib/gcc/arm-none-eabi/10.3.1/../../../../arm-none-eabi/lib/thumb/v7-m/nofp/crt0.o
LOAD ./Src/00-LIB/Software_Delay.o
LOAD ./Src/01-MCAL/00-RCC/RCC_program.o
LOAD ./Src/01-MCAL/01-PORT/PORT_program.o
LOAD ./Src/01-MCAL/02-DIO/DIO_program.o
LOAD ./Src/01-MCAL/03-STK/STK_program.o
LOAD ./Src/01-MCAL/04-NVIC/NVIC_program.o
LOAD ./Src/01-MCAL/05-EXTI/EXTI_program.o
LOAD ./Src/01-MCAL/06-AFIO/AFIO_program.o
LOAD ./Src/01-MCAL/07-I2C/I2C_program.o
LOAD ./Src/01-MCAL/08-TIM/TIM_program.o
LOAD ./Src/01-MCAL/09-SPI/SPI_program.o
LOAD ./Src/01-MCAL/10-PWM/PWM_program.o
LOAD ./Src/01-MCAL/11-USART/USART_program.o
LOAD ./Src/02-HAL/00-ENC/ENC_program.o
LOAD ./Src/02-HAL/01-ULTRASOINC/ULTRASONIC_program.o
LOAD ./Src/02-HAL/02-MOTOR/MOTOR_program.o
LOAD ./Src/02-HAL/03-MCP/MCP2515_Program.o
LOAD ./Src/03-APP/00-PID/PID.o
LOAD ./Src/03-APP/01-COMM_HANDLER/CommHandler_program.o
LOAD ./Src/main.o
LOAD ./Src/syscalls.o
LOAD ./Src/sysmem.o
LOAD ./Startup/startup_stm32f103c8tx.o
START GROUP
LOAD c:/st/stm32cubeide_1.10.1/stm32cubeide/plugins/com.st.stm32cube.ide.mcu.externaltools.gnu-tools-for-stm32.10.3-2021.10.win32_1.0.0.202111181127/tools/bin/../lib/gcc/arm-none-eabi/10.3.1/../../../../arm-none-eabi/lib/thumb/v7-m/nofp\libc_nano.a
LOAD c:/st/stm32cubeide_1.10.1/stm32cubeide/plugins/com.st.stm32cube.ide.mcu.externaltools.gnu-tools-for-stm32.10.3-2021.10.win32_1.0.0.202111181127/tools/bin/../lib/gcc/arm-none-eabi/10.3.1/../../../../arm-none-eabi/lib/thumb/v7-m/nofp\libm.a
END GROUP
START GROUP
LOAD c:/st/stm32cubeide_1.10.1/stm32cubeide/plugins/com.st.stm32cube.ide.mcu.externaltools.gnu-tools-for-stm32.10.3-2021.10.win32_1.0.0.202111181127/tools/bin/../lib/gcc/arm-none-eabi/10.3.1/thumb/v7-m/nofp\libgcc.a
LOAD c:/st/stm32cubeide_1.10.1/stm32cubeide/plugins/com.st.stm32cube.ide.mcu.externaltools.gnu-tools-for-stm32.10.3-2021.10.win32_1.0.0.202111181127/tools/bin/../lib/gcc/arm-none-eabi/10.3.1/../../../../arm-none-eabi/lib/thumb/v7-m/nofp\libc_nano.a
END GROUP
START GROUP
LOAD c:/st/stm32cubeide_1.10.1/stm32cubeide/plugins/com.st.stm32cube.ide.mcu.externaltools.gnu-tools-for-stm32.10.3-2021.10.win32_1.0.0.202111181127/tools/bin/../lib/gcc/arm-none-eabi/10.3.1/thumb/v7-m/nofp\libgcc.a
LOAD c:/st/stm32cubeide_1.10.1/stm32cubeide/plugins/com.st.stm32cube.ide.mcu.externaltools.gnu-tools-for-stm32.10.3-2021.10.win32_1.0.0.202111181127/tools/bin/../lib/gcc/arm-none-eabi/10.3.1/../../../../arm-none-eabi/lib/thumb/v7-m/nofp\libc_nano.a
LOAD c:/st/stm32cubeide_1.10.1/stm32cubeide/plugins/com.st.stm32cube.ide.mcu.externaltools.gnu-tools-for-stm32.10.3-2021.10.win32_1.0.0.202111181127/tools/bin/../lib/gcc/arm-none-eabi/10.3.1/../../../../arm-none-eabi/lib/thumb/v7-m/nofp\libnosys.a
END GROUP
START GROUP
LOAD c:/st/stm32cubeide_1.10.1/stm32cubeide/plugins/com.st.stm32cube.ide.mcu.externaltools.gnu-tools-for-stm32.10.3-2021.10.win32_1.0.0.202111181127/tools/bin/../lib/gcc/arm-none-eabi/10.3.1/thumb/v7-m/nofp\libgcc.a
LOAD c:/st/stm32cubeide_1.10.1/stm32cubeide/plugins/com.st.stm32cube.ide.mcu.externaltools.gnu-tools-for-stm32.10.3-2021.10.win32_1.0.0.202111181127/tools/bin/../lib/gcc/arm-none-eabi/10.3.1/../../../../arm-none-eabi/lib/thumb/v7-m/nofp\libc_nano.a
LOAD c:/st/stm32cubeide_1.10.1/stm32cubeide/plugins/com.st.stm32cube.ide.mcu.externaltools.gnu-tools-for-stm32.10.3-2021.10.win32_1.0.0.202111181127/tools/bin/../lib/gcc/arm-none-eabi/10.3.1/../../../../arm-none-eabi/lib/thumb/v7-m/nofp\libnosys.a
END GROUP
LOAD c:/st/stm32cubeide_1.10.1/stm32cubeide/plugins/com.st.stm32cube.ide.mcu.externaltools.gnu-tools-for-stm32.10.3-2021.10.win32_1.0.0.202111181127/tools/bin/../lib/gcc/arm-none-eabi/10.3.1/thumb/v7-m/nofp/crtend.o
LOAD c:/st/stm32cubeide_1.10.1/stm32cubeide/plugins/com.st.stm32cube.ide.mcu.externaltools.gnu-tools-for-stm32.10.3-2021.10.win32_1.0.0.202111181127/tools/bin/../lib/gcc/arm-none-eabi/10.3.1/thumb/v7-m/nofp/crtn.o
                0x0000000020005000                _estack = (ORIGIN (RAM) + LENGTH (RAM))
                0x0000000000000200                _Min_Heap_Size = 0x200
                0x0000000000000400                _Min_Stack_Size = 0x400

.isr_vector     0x0000000008000000      0x130
                0x0000000008000000                . = ALIGN (0x4)
 *(.isr_vector)
 .isr_vector    0x0000000008000000      0x130 ./Startup/startup_stm32f103c8tx.o
                0x0000000008000000                g_pfnVectors
                0x0000000008000130                . = ALIGN (0x4)

.text           0x0000000008000130     0x12a4
                0x0000000008000130                . = ALIGN (0x4)
 *(.text)
 .text          0x0000000008000130       0x40 c:/st/stm32cubeide_1.10.1/stm32cubeide/plugins/com.st.stm32cube.ide.mcu.externaltools.gnu-tools-for-stm32.10.3-2021.10.win32_1.0.0.202111181127/tools/bin/../lib/gcc/arm-none-eabi/10.3.1/thumb/v7-m/nofp/crtbegin.o
 *(.text*)
 .text.RCC_voidInitSysClock
                0x0000000008000170       0x2c ./Src/01-MCAL/00-RCC/RCC_program.o
                0x0000000008000170                RCC_voidInitSysClock
 .text.RCC_voidEnableClock
                0x000000000800019c       0x84 ./Src/01-MCAL/00-RCC/RCC_program.o
                0x000000000800019c                RCC_voidEnableClock
 .text.PORT_voidInit
                0x0000000008000220       0x58 ./Src/01-MCAL/01-PORT/PORT_program.o
                0x0000000008000220                PORT_voidInit
 .text.MDIO_u8ReadChannel
                0x0000000008000278       0x9c ./Src/01-MCAL/02-DIO/DIO_program.o
                0x0000000008000278                MDIO_u8ReadChannel
 .text.MSTK_voidStopInterval
                0x0000000008000314       0x28 ./Src/01-MCAL/03-STK/STK_program.o
                0x0000000008000314                MSTK_voidStopInterval
 .text.SysTick_Handler
                0x000000000800033c       0x3c ./Src/01-MCAL/03-STK/STK_program.o
                0x000000000800033c                SysTick_Handler
 .text.EXTI0_IRQHandler
                0x0000000008000378       0x2c ./Src/01-MCAL/05-EXTI/EXTI_program.o
                0x0000000008000378                EXTI0_IRQHandler
 .text.EXTI1_IRQHandler
                0x00000000080003a4       0x2c ./Src/01-MCAL/05-EXTI/EXTI_program.o
                0x00000000080003a4                EXTI1_IRQHandler
 .text.EXTI2_IRQHandler
                0x00000000080003d0       0x2c ./Src/01-MCAL/05-EXTI/EXTI_program.o
                0x00000000080003d0                EXTI2_IRQHandler
 .text.EXTI3_IRQHandler
                0x00000000080003fc       0x2c ./Src/01-MCAL/05-EXTI/EXTI_program.o
                0x00000000080003fc                EXTI3_IRQHandler
 .text.EXTI4_IRQHandler
                0x0000000008000428       0x2c ./Src/01-MCAL/05-EXTI/EXTI_program.o
                0x0000000008000428                EXTI4_IRQHandler
 .text.MTIM2_voidInit
                0x0000000008000454       0x74 ./Src/01-MCAL/08-TIM/TIM_program.o
                0x0000000008000454                MTIM2_voidInit
 .text.MTIM3_voidInit
                0x00000000080004c8       0x60 ./Src/01-MCAL/08-TIM/TIM_program.o
                0x00000000080004c8                MTIM3_voidInit
 .text.MTIM2_voidSetBusyWait
                0x0000000008000528       0x46 ./Src/01-MCAL/08-TIM/TIM_program.o
                0x0000000008000528                MTIM2_voidSetBusyWait
 *fill*         0x000000000800056e        0x2 
 .text.MTIM2_voidStartCounter
                0x0000000008000570       0x28 ./Src/01-MCAL/08-TIM/TIM_program.o
                0x0000000008000570                MTIM2_voidStartCounter
 .text.MTIM3_voidStartCounter
                0x0000000008000598       0x28 ./Src/01-MCAL/08-TIM/TIM_program.o
                0x0000000008000598                MTIM3_voidStartCounter
 .text.TIM2_IRQHandler
                0x00000000080005c0       0x38 ./Src/01-MCAL/08-TIM/TIM_program.o
                0x00000000080005c0                TIM2_IRQHandler
 .text.TIM3_IRQHandler
                0x00000000080005f8       0x38 ./Src/01-MCAL/08-TIM/TIM_program.o
                0x00000000080005f8                TIM3_IRQHandler
 .text.TIM4_IRQHandler
                0x0000000008000630       0x38 ./Src/01-MCAL/08-TIM/TIM_program.o
                0x0000000008000630                TIM4_IRQHandler
 .text.SPI_Init
                0x0000000008000668      0x1b0 ./Src/01-MCAL/09-SPI/SPI_program.o
                0x0000000008000668                SPI_Init
 .text.SPI_SynchTransceiveByte
                0x0000000008000818       0x78 ./Src/01-MCAL/09-SPI/SPI_program.o
                0x0000000008000818                SPI_SynchTransceiveByte
 .text.SPI_State
                0x0000000008000890       0x74 ./Src/01-MCAL/09-SPI/SPI_program.o
                0x0000000008000890                SPI_State
 .text.USART_voidInit
                0x0000000008000904      0x27c ./Src/01-MCAL/11-USART/USART_program.o
                0x0000000008000904                USART_voidInit
 .text.USART_voidTransmitByteSynch
                0x0000000008000b80       0x58 ./Src/01-MCAL/11-USART/USART_program.o
                0x0000000008000b80                USART_voidTransmitByteSynch
 .text.USART_voidSendNumber
                0x0000000008000bd8       0xc4 ./Src/01-MCAL/11-USART/USART_program.o
                0x0000000008000bd8                USART_voidSendNumber
 .text.MCP2515_VidWriteRegister
                0x0000000008000c9c       0x52 ./Src/02-HAL/03-MCP/MCP2515_Program.o
                0x0000000008000c9c                MCP2515_VidWriteRegister
 .text.MCP2515_VidSetBitTiming
                0x0000000008000cee       0x38 ./Src/02-HAL/03-MCP/MCP2515_Program.o
                0x0000000008000cee                MCP2515_VidSetBitTiming
 .text.MCP2515_VidReset
                0x0000000008000d26       0x2a ./Src/02-HAL/03-MCP/MCP2515_Program.o
                0x0000000008000d26                MCP2515_VidReset
 .text.MCP2515_VidChangeBits
                0x0000000008000d50       0x62 ./Src/02-HAL/03-MCP/MCP2515_Program.o
                0x0000000008000d50                MCP2515_VidChangeBits
 .text.MCP2515_VidSetMode
                0x0000000008000db2       0x22 ./Src/02-HAL/03-MCP/MCP2515_Program.o
                0x0000000008000db2                MCP2515_VidSetMode
 .text.MCP2515_VidInit
                0x0000000008000dd4       0x44 ./Src/02-HAL/03-MCP/MCP2515_Program.o
                0x0000000008000dd4                MCP2515_VidInit
 .text.MCP2515_VidSetRollover
                0x0000000008000e18       0x22 ./Src/02-HAL/03-MCP/MCP2515_Program.o
                0x0000000008000e18                MCP2515_VidSetRollover
 .text.MCP2515_VidSetMask
                0x0000000008000e3a       0xcc ./Src/02-HAL/03-MCP/MCP2515_Program.o
                0x0000000008000e3a                MCP2515_VidSetMask
 .text.MCP2515_VidSetFilter
                0x0000000008000f06       0xcc ./Src/02-HAL/03-MCP/MCP2515_Program.o
                0x0000000008000f06                MCP2515_VidSetFilter
 .text.MCP2515_VidReceiveInit
                0x0000000008000fd2       0x70 ./Src/02-HAL/03-MCP/MCP2515_Program.o
                0x0000000008000fd2                MCP2515_VidReceiveInit
 *fill*         0x0000000008001042        0x2 
 .text.MCP2515_VidReceiveCANmsg
                0x0000000008001044       0x64 ./Src/02-HAL/03-MCP/MCP2515_Program.o
                0x0000000008001044                MCP2515_VidReceiveCANmsg
 .text.CommHandlerInit
                0x00000000080010a8       0x2c ./Src/03-APP/01-COMM_HANDLER/CommHandler_program.o
                0x00000000080010a8                CommHandlerInit
 .text.CommHandlerRxIndication
                0x00000000080010d4      0x148 ./Src/03-APP/01-COMM_HANDLER/CommHandler_program.o
                0x00000000080010d4                CommHandlerRxIndication
 .text.main     0x000000000800121c      0x104 ./Src/main.o
                0x000000000800121c                main
 .text.Reset_Handler
                0x0000000008001320       0x50 ./Startup/startup_stm32f103c8tx.o
                0x0000000008001320                Reset_Handler
 .text.Default_Handler
                0x0000000008001370        0x2 ./Startup/startup_stm32f103c8tx.o
                0x0000000008001370                TIM8_TRG_COM_IRQHandler
                0x0000000008001370                TIM8_CC_IRQHandler
                0x0000000008001370                DebugMon_Handler
                0x0000000008001370                TIM1_CC_IRQHandler
                0x0000000008001370                HardFault_Handler
                0x0000000008001370                TIM6_IRQHandler
                0x0000000008001370                PVD_IRQHandler
                0x0000000008001370                SDIO_IRQHandler
                0x0000000008001370                PendSV_Handler
                0x0000000008001370                NMI_Handler
                0x0000000008001370                USB_HP_CAN_TX_IRQHandler
                0x0000000008001370                I2C2_EV_IRQHandler
                0x0000000008001370                UsageFault_Handler
                0x0000000008001370                ADC1_2_IRQHandler
                0x0000000008001370                SPI1_IRQHandler
                0x0000000008001370                CAN_SCE_IRQHandler
                0x0000000008001370                TAMPER_IRQHandler
                0x0000000008001370                TIM8_UP_IRQHandler
                0x0000000008001370                DMA2_Channel2_IRQHandler
                0x0000000008001370                DMA1_Channel4_IRQHandler
                0x0000000008001370                USART3_IRQHandler
                0x0000000008001370                RTC_IRQHandler
                0x0000000008001370                DMA1_Channel7_IRQHandler
                0x0000000008001370                UART5_IRQHandler
                0x0000000008001370                ADC3_IRQHandler
                0x0000000008001370                CAN_RX1_IRQHandler
                0x0000000008001370                DMA2_Channel1_IRQHandler
                0x0000000008001370                I2C1_EV_IRQHandler
                0x0000000008001370                DMA1_Channel6_IRQHandler
                0x0000000008001370                UART4_IRQHandler
                0x0000000008001370                RCC_IRQHandler
                0x0000000008001370                TIM1_TRG_COM_IRQHandler
                0x0000000008001370                DMA1_Channel1_IRQHandler
                0x0000000008001370                Default_Handler
                0x0000000008001370                EXTI15_10_IRQHandler
                0x0000000008001370                TIM7_IRQHandler
                0x0000000008001370                TIM5_IRQHandler
                0x0000000008001370                EXTI9_5_IRQHandler
                0x0000000008001370                SPI2_IRQHandler
                0x0000000008001370                USB_LP_CAN_RX0_IRQHandler
                0x0000000008001370                MemManage_Handler
                0x0000000008001370                SVC_Handler
                0x0000000008001370                DMA1_Channel5_IRQHandler
                0x0000000008001370                DMA1_Channel3_IRQHandler
                0x0000000008001370                FSMC_IRQHandler
                0x0000000008001370                TIM1_UP_IRQHandler
                0x0000000008001370                WWDG_IRQHandler
                0x0000000008001370                TIM1_BRK_IRQHandler
                0x0000000008001370                RTCAlarm_IRQHandler
                0x0000000008001370                DMA2_Channel4_5_IRQHandler
                0x0000000008001370                USART2_IRQHandler
                0x0000000008001370                I2C2_ER_IRQHandler
                0x0000000008001370                DMA1_Channel2_IRQHandler
                0x0000000008001370                TIM8_BRK_IRQHandler
                0x0000000008001370                FLASH_IRQHandler
                0x0000000008001370                BusFault_Handler
                0x0000000008001370                USART1_IRQHandler
                0x0000000008001370                SPI3_IRQHandler
                0x0000000008001370                I2C1_ER_IRQHandler
                0x0000000008001370                DMA2_Channel3_IRQHandler
 *fill*         0x0000000008001372        0x2 
 .text.__libc_init_array
                0x0000000008001374       0x48 c:/st/stm32cubeide_1.10.1/stm32cubeide/plugins/com.st.stm32cube.ide.mcu.externaltools.gnu-tools-for-stm32.10.3-2021.10.win32_1.0.0.202111181127/tools/bin/../lib/gcc/arm-none-eabi/10.3.1/../../../../arm-none-eabi/lib/thumb/v7-m/nofp\libc_nano.a(lib_a-init.o)
                0x0000000008001374                __libc_init_array
 *(.glue_7)
 .glue_7        0x00000000080013bc        0x0 linker stubs
 *(.glue_7t)
 .glue_7t       0x00000000080013bc        0x0 linker stubs
 *(.eh_frame)
 .eh_frame      0x00000000080013bc        0x0 c:/st/stm32cubeide_1.10.1/stm32cubeide/plugins/com.st.stm32cube.ide.mcu.externaltools.gnu-tools-for-stm32.10.3-2021.10.win32_1.0.0.202111181127/tools/bin/../lib/gcc/arm-none-eabi/10.3.1/thumb/v7-m/nofp/crtbegin.o
 *(.init)
 .init          0x00000000080013bc        0x4 c:/st/stm32cubeide_1.10.1/stm32cubeide/plugins/com.st.stm32cube.ide.mcu.externaltools.gnu-tools-for-stm32.10.3-2021.10.win32_1.0.0.202111181127/tools/bin/../lib/gcc/arm-none-eabi/10.3.1/thumb/v7-m/nofp/crti.o
                0x00000000080013bc                _init
 .init          0x00000000080013c0        0x8 c:/st/stm32cubeide_1.10.1/stm32cubeide/plugins/com.st.stm32cube.ide.mcu.externaltools.gnu-tools-for-stm32.10.3-2021.10.win32_1.0.0.202111181127/tools/bin/../lib/gcc/arm-none-eabi/10.3.1/thumb/v7-m/nofp/crtn.o
 *(.fini)
 .fini          0x00000000080013c8        0x4 c:/st/stm32cubeide_1.10.1/stm32cubeide/plugins/com.st.stm32cube.ide.mcu.externaltools.gnu-tools-for-stm32.10.3-2021.10.win32_1.0.0.202111181127/tools/bin/../lib/gcc/arm-none-eabi/10.3.1/thumb/v7-m/nofp/crti.o
                0x00000000080013c8                _fini
 .fini          0x00000000080013cc        0x8 c:/st/stm32cubeide_1.10.1/stm32cubeide/plugins/com.st.stm32cube.ide.mcu.externaltools.gnu-tools-for-stm32.10.3-2021.10.win32_1.0.0.202111181127/tools/bin/../lib/gcc/arm-none-eabi/10.3.1/thumb/v7-m/nofp/crtn.o
                0x00000000080013d4                . = ALIGN (0x4)
                0x00000000080013d4                _etext = .

.vfp11_veneer   0x00000000080013d4        0x0
 .vfp11_veneer  0x00000000080013d4        0x0 linker stubs

.v4_bx          0x00000000080013d4        0x0
 .v4_bx         0x00000000080013d4        0x0 linker stubs

.iplt           0x00000000080013d4        0x0
 .iplt          0x00000000080013d4        0x0 c:/st/stm32cubeide_1.10.1/stm32cubeide/plugins/com.st.stm32cube.ide.mcu.externaltools.gnu-tools-for-stm32.10.3-2021.10.win32_1.0.0.202111181127/tools/bin/../lib/gcc/arm-none-eabi/10.3.1/thumb/v7-m/nofp/crtbegin.o

.rodata         0x00000000080013d4       0x30
                0x00000000080013d4                . = ALIGN (0x4)
 *(.rodata)
 .rodata        0x00000000080013d4        0x6 ./Src/02-HAL/03-MCP/MCP2515_Program.o
 *fill*         0x00000000080013da        0x2 
 .rodata        0x00000000080013dc       0x14 ./Src/main.o
 *(.rodata*)
 .rodata.SPI    0x00000000080013f0        0x8 ./Src/01-MCAL/09-SPI/SPI_program.o
 .rodata.USART  0x00000000080013f8        0xc ./Src/01-MCAL/11-USART/USART_program.o
                0x0000000008001404                . = ALIGN (0x4)

.rel.dyn        0x0000000008001404        0x0
 .rel.iplt      0x0000000008001404        0x0 c:/st/stm32cubeide_1.10.1/stm32cubeide/plugins/com.st.stm32cube.ide.mcu.externaltools.gnu-tools-for-stm32.10.3-2021.10.win32_1.0.0.202111181127/tools/bin/../lib/gcc/arm-none-eabi/10.3.1/thumb/v7-m/nofp/crtbegin.o

.ARM.extab      0x0000000008001404        0x0
                0x0000000008001404                . = ALIGN (0x4)
 *(.ARM.extab* .gnu.linkonce.armextab.*)
                0x0000000008001404                . = ALIGN (0x4)

.ARM            0x0000000008001404        0x0
                0x0000000008001404                . = ALIGN (0x4)
                0x0000000008001404                __exidx_start = .
 *(.ARM.exidx*)
                0x0000000008001404                __exidx_end = .
                0x0000000008001404                . = ALIGN (0x4)

.preinit_array  0x0000000008001404        0x0
                0x0000000008001404                . = ALIGN (0x4)
                0x0000000008001404                PROVIDE (__preinit_array_start = .)
 *(.preinit_array*)
                0x0000000008001404                PROVIDE (__preinit_array_end = .)
                0x0000000008001404                . = ALIGN (0x4)

.init_array     0x0000000008001404        0x4
                0x0000000008001404                . = ALIGN (0x4)
                0x0000000008001404                PROVIDE (__init_array_start = .)
 *(SORT_BY_NAME(.init_array.*))
 *(.init_array*)
 .init_array    0x0000000008001404        0x4 c:/st/stm32cubeide_1.10.1/stm32cubeide/plugins/com.st.stm32cube.ide.mcu.externaltools.gnu-tools-for-stm32.10.3-2021.10.win32_1.0.0.202111181127/tools/bin/../lib/gcc/arm-none-eabi/10.3.1/thumb/v7-m/nofp/crtbegin.o
                0x0000000008001408                PROVIDE (__init_array_end = .)
                0x0000000008001408                . = ALIGN (0x4)

.fini_array     0x0000000008001408        0x4
                0x0000000008001408                . = ALIGN (0x4)
                [!provide]                        PROVIDE (__fini_array_start = .)
 *(SORT_BY_NAME(.fini_array.*))
 *(.fini_array*)
 .fini_array    0x0000000008001408        0x4 c:/st/stm32cubeide_1.10.1/stm32cubeide/plugins/com.st.stm32cube.ide.mcu.externaltools.gnu-tools-for-stm32.10.3-2021.10.win32_1.0.0.202111181127/tools/bin/../lib/gcc/arm-none-eabi/10.3.1/thumb/v7-m/nofp/crtbegin.o
                [!provide]                        PROVIDE (__fini_array_end = .)
                0x000000000800140c                . = ALIGN (0x4)
                0x000000000800140c                _sidata = LOADADDR (.data)

.data           0x0000000020000000        0x0 load address 0x000000000800140c
                0x0000000020000000                . = ALIGN (0x4)
                0x0000000020000000                _sdata = .
 *(.data)
 *(.data*)
 *(.RamFunc)
 *(.RamFunc*)
                0x0000000020000000                . = ALIGN (0x4)
                0x0000000020000000                _edata = .

.igot.plt       0x0000000020000000        0x0 load address 0x000000000800140c
 .igot.plt      0x0000000020000000        0x0 c:/st/stm32cubeide_1.10.1/stm32cubeide/plugins/com.st.stm32cube.ide.mcu.externaltools.gnu-tools-for-stm32.10.3-2021.10.win32_1.0.0.202111181127/tools/bin/../lib/gcc/arm-none-eabi/10.3.1/thumb/v7-m/nofp/crtbegin.o
                0x0000000020000000                . = ALIGN (0x4)

.bss            0x0000000020000000       0x84 load address 0x000000000800140c
                0x0000000020000000                _sbss = .
                0x0000000020000000                __bss_start__ = _sbss
 *(.bss)
 .bss           0x0000000020000000       0x1c c:/st/stm32cubeide_1.10.1/stm32cubeide/plugins/com.st.stm32cube.ide.mcu.externaltools.gnu-tools-for-stm32.10.3-2021.10.win32_1.0.0.202111181127/tools/bin/../lib/gcc/arm-none-eabi/10.3.1/thumb/v7-m/nofp/crtbegin.o
 *(.bss*)
 .bss.Global_voidPtrCallbackFunc
                0x000000002000001c        0x4 ./Src/01-MCAL/03-STK/STK_program.o
                0x000000002000001c                Global_voidPtrCallbackFunc
 .bss.MSTK_u8ModeOfinterval
                0x0000000020000020        0x1 ./Src/01-MCAL/03-STK/STK_program.o
 *fill*         0x0000000020000021        0x3 
 .bss.Global_pvEXTICallBackFunc
                0x0000000020000024       0x40 ./Src/01-MCAL/05-EXTI/EXTI_program.o
 .bss.Global_voidTIM2PtrCallbackFunc
                0x0000000020000064        0x4 ./Src/01-MCAL/08-TIM/TIM_program.o
                0x0000000020000064                Global_voidTIM2PtrCallbackFunc
 .bss.Global_voidTIM3PtrCallbackFunc
                0x0000000020000068        0x4 ./Src/01-MCAL/08-TIM/TIM_program.o
                0x0000000020000068                Global_voidTIM3PtrCallbackFunc
 .bss.Global_voidTIM4PtrCallbackFunc
                0x000000002000006c        0x4 ./Src/01-MCAL/08-TIM/TIM_program.o
                0x000000002000006c                Global_voidTIM4PtrCallbackFunc
 .bss.Global_u8FlagTIM2
                0x0000000020000070        0x1 ./Src/01-MCAL/08-TIM/TIM_program.o
                0x0000000020000070                Global_u8FlagTIM2
 .bss.Global_u8FlagTIM3
                0x0000000020000071        0x1 ./Src/01-MCAL/08-TIM/TIM_program.o
                0x0000000020000071                Global_u8FlagTIM3
 .bss.Global_u8FlagTIM4
                0x0000000020000072        0x1 ./Src/01-MCAL/08-TIM/TIM_program.o
                0x0000000020000072                Global_u8FlagTIM4
 *fill*         0x0000000020000073        0x1 
 .bss.readBuffer
                0x0000000020000074        0xe ./Src/02-HAL/03-MCP/MCP2515_Program.o
                0x0000000020000074                readBuffer
 *(COMMON)
                0x0000000020000084                . = ALIGN (0x4)
 *fill*         0x0000000020000082        0x2 
                0x0000000020000084                _ebss = .
                0x0000000020000084                __bss_end__ = _ebss

._user_heap_stack
                0x0000000020000084      0x604 load address 0x000000000800140c
                0x0000000020000088                . = ALIGN (0x8)
 *fill*         0x0000000020000084        0x4 
                [!provide]                        PROVIDE (end = .)
                0x0000000020000088                PROVIDE (_end = .)
                0x0000000020000288                . = (. + _Min_Heap_Size)
 *fill*         0x0000000020000088      0x200 
                0x0000000020000688                . = (. + _Min_Stack_Size)
 *fill*         0x0000000020000288      0x400 
                0x0000000020000688                . = ALIGN (0x8)

/DISCARD/
 libc.a(*)
 libm.a(*)
 libgcc.a(*)

.ARM.attributes
                0x0000000000000000       0x29
 *(.ARM.attributes)
 .ARM.attributes
                0x0000000000000000       0x1d c:/st/stm32cubeide_1.10.1/stm32cubeide/plugins/com.st.stm32cube.ide.mcu.externaltools.gnu-tools-for-stm32.10.3-2021.10.win32_1.0.0.202111181127/tools/bin/../lib/gcc/arm-none-eabi/10.3.1/thumb/v7-m/nofp/crti.o
 .ARM.attributes
                0x000000000000001d       0x2d c:/st/stm32cubeide_1.10.1/stm32cubeide/plugins/com.st.stm32cube.ide.mcu.externaltools.gnu-tools-for-stm32.10.3-2021.10.win32_1.0.0.202111181127/tools/bin/../lib/gcc/arm-none-eabi/10.3.1/thumb/v7-m/nofp/crtbegin.o
 .ARM.attributes
                0x000000000000004a       0x2d ./Src/01-MCAL/00-RCC/RCC_program.o
 .ARM.attributes
                0x0000000000000077       0x2d ./Src/01-MCAL/01-PORT/PORT_program.o
 .ARM.attributes
                0x00000000000000a4       0x2d ./Src/01-MCAL/02-DIO/DIO_program.o
 .ARM.attributes
                0x00000000000000d1       0x2d ./Src/01-MCAL/03-STK/STK_program.o
 .ARM.attributes
                0x00000000000000fe       0x2d ./Src/01-MCAL/05-EXTI/EXTI_program.o
 .ARM.attributes
                0x000000000000012b       0x2d ./Src/01-MCAL/08-TIM/TIM_program.o
 .ARM.attributes
                0x0000000000000158       0x2d ./Src/01-MCAL/09-SPI/SPI_program.o
 .ARM.attributes
                0x0000000000000185       0x2d ./Src/01-MCAL/11-USART/USART_program.o
 .ARM.attributes
                0x00000000000001b2       0x2d ./Src/02-HAL/03-MCP/MCP2515_Program.o
 .ARM.attributes
                0x00000000000001df       0x2d ./Src/03-APP/01-COMM_HANDLER/CommHandler_program.o
 .ARM.attributes
                0x000000000000020c       0x2d ./Src/main.o
 .ARM.attributes
                0x0000000000000239       0x21 ./Startup/startup_stm32f103c8tx.o
 .ARM.attributes
                0x000000000000025a       0x2d c:/st/stm32cubeide_1.10.1/stm32cubeide/plugins/com.st.stm32cube.ide.mcu.externaltools.gnu-tools-for-stm32.10.3-2021.10.win32_1.0.0.202111181127/tools/bin/../lib/gcc/arm-none-eabi/10.3.1/../../../../arm-none-eabi/lib/thumb/v7-m/nofp\libc_nano.a(lib_a-init.o)
 .ARM.attributes
                0x0000000000000287       0x1d c:/st/stm32cubeide_1.10.1/stm32cubeide/plugins/com.st.stm32cube.ide.mcu.externaltools.gnu-tools-for-stm32.10.3-2021.10.win32_1.0.0.202111181127/tools/bin/../lib/gcc/arm-none-eabi/10.3.1/thumb/v7-m/nofp/crtn.o
OUTPUT(Algo_Board.elf elf32-littlearm)
LOAD linker stubs
LOAD c:/st/stm32cubeide_1.10.1/stm32cubeide/plugins/com.st.stm32cube.ide.mcu.externaltools.gnu-tools-for-stm32.10.3-2021.10.win32_1.0.0.202111181127/tools/bin/../lib/gcc/arm-none-eabi/10.3.1/../../../../arm-none-eabi/lib/thumb/v7-m/nofp\libc.a
LOAD c:/st/stm32cubeide_1.10.1/stm32cubeide/plugins/com.st.stm32cube.ide.mcu.externaltools.gnu-tools-for-stm32.10.3-2021.10.win32_1.0.0.202111181127/tools/bin/../lib/gcc/arm-none-eabi/10.3.1/../../../../arm-none-eabi/lib/thumb/v7-m/nofp\libm.a
LOAD c:/st/stm32cubeide_1.10.1/stm32cubeide/plugins/com.st.stm32cube.ide.mcu.externaltools.gnu-tools-for-stm32.10.3-2021.10.win32_1.0.0.202111181127/tools/bin/../lib/gcc/arm-none-eabi/10.3.1/thumb/v7-m/nofp\libgcc.a

.debug_info     0x0000000000000000     0x2aff
 .debug_info    0x0000000000000000      0x1b9 ./Src/01-MCAL/00-RCC/RCC_program.o
 .debug_info    0x00000000000001b9       0xf8 ./Src/01-MCAL/01-PORT/PORT_program.o
 .debug_info    0x00000000000002b1      0x332 ./Src/01-MCAL/02-DIO/DIO_program.o
 .debug_info    0x00000000000005e3      0x231 ./Src/01-MCAL/03-STK/STK_program.o
 .debug_info    0x0000000000000814      0x32e ./Src/01-MCAL/05-EXTI/EXTI_program.o
 .debug_info    0x0000000000000b42      0x7b1 ./Src/01-MCAL/08-TIM/TIM_program.o
 .debug_info    0x00000000000012f3      0x591 ./Src/01-MCAL/09-SPI/SPI_program.o
 .debug_info    0x0000000000001884      0x4d4 ./Src/01-MCAL/11-USART/USART_program.o
 .debug_info    0x0000000000001d58      0x629 ./Src/02-HAL/03-MCP/MCP2515_Program.o
 .debug_info    0x0000000000002381      0x33a ./Src/03-APP/01-COMM_HANDLER/CommHandler_program.o
 .debug_info    0x00000000000026bb      0x422 ./Src/main.o
 .debug_info    0x0000000000002add       0x22 ./Startup/startup_stm32f103c8tx.o

.debug_abbrev   0x0000000000000000      0xd1b
 .debug_abbrev  0x0000000000000000       0xcb ./Src/01-MCAL/00-RCC/RCC_program.o
 .debug_abbrev  0x00000000000000cb       0x8b ./Src/01-MCAL/01-PORT/PORT_program.o
 .debug_abbrev  0x0000000000000156       0xdd ./Src/01-MCAL/02-DIO/DIO_program.o
 .debug_abbrev  0x0000000000000233      0x152 ./Src/01-MCAL/03-STK/STK_program.o
 .debug_abbrev  0x0000000000000385      0x126 ./Src/01-MCAL/05-EXTI/EXTI_program.o
 .debug_abbrev  0x00000000000004ab      0x1a3 ./Src/01-MCAL/08-TIM/TIM_program.o
 .debug_abbrev  0x000000000000064e      0x107 ./Src/01-MCAL/09-SPI/SPI_program.o
 .debug_abbrev  0x0000000000000755      0x140 ./Src/01-MCAL/11-USART/USART_program.o
 .debug_abbrev  0x0000000000000895      0x194 ./Src/02-HAL/03-MCP/MCP2515_Program.o
 .debug_abbrev  0x0000000000000a29      0x1a1 ./Src/03-APP/01-COMM_HANDLER/CommHandler_program.o
 .debug_abbrev  0x0000000000000bca      0x13f ./Src/main.o
 .debug_abbrev  0x0000000000000d09       0x12 ./Startup/startup_stm32f103c8tx.o

.debug_aranges  0x0000000000000000      0x468
 .debug_aranges
                0x0000000000000000       0x30 ./Src/01-MCAL/00-RCC/RCC_program.o
 .debug_aranges
                0x0000000000000030       0x20 ./Src/01-MCAL/01-PORT/PORT_program.o
 .debug_aranges
                0x0000000000000050       0x48 ./Src/01-MCAL/02-DIO/DIO_program.o
 .debug_aranges
                0x0000000000000098       0x68 ./Src/01-MCAL/03-STK/STK_program.o
 .debug_aranges
                0x0000000000000100       0xa0 ./Src/01-MCAL/05-EXTI/EXTI_program.o
 .debug_aranges
                0x00000000000001a0      0x150 ./Src/01-MCAL/08-TIM/TIM_program.o
 .debug_aranges
                0x00000000000002f0       0x38 ./Src/01-MCAL/09-SPI/SPI_program.o
 .debug_aranges
                0x0000000000000328       0x48 ./Src/01-MCAL/11-USART/USART_program.o
 .debug_aranges
                0x0000000000000370       0x80 ./Src/02-HAL/03-MCP/MCP2515_Program.o
 .debug_aranges
                0x00000000000003f0       0x30 ./Src/03-APP/01-COMM_HANDLER/CommHandler_program.o
 .debug_aranges
                0x0000000000000420       0x20 ./Src/main.o
 .debug_aranges
                0x0000000000000440       0x28 ./Startup/startup_stm32f103c8tx.o

.debug_ranges   0x0000000000000000      0x3b0
 .debug_ranges  0x0000000000000000       0x20 ./Src/01-MCAL/00-RCC/RCC_program.o
 .debug_ranges  0x0000000000000020       0x10 ./Src/01-MCAL/01-PORT/PORT_program.o
 .debug_ranges  0x0000000000000030       0x38 ./Src/01-MCAL/02-DIO/DIO_program.o
 .debug_ranges  0x0000000000000068       0x58 ./Src/01-MCAL/03-STK/STK_program.o
 .debug_ranges  0x00000000000000c0       0x90 ./Src/01-MCAL/05-EXTI/EXTI_program.o
 .debug_ranges  0x0000000000000150      0x140 ./Src/01-MCAL/08-TIM/TIM_program.o
 .debug_ranges  0x0000000000000290       0x28 ./Src/01-MCAL/09-SPI/SPI_program.o
 .debug_ranges  0x00000000000002b8       0x38 ./Src/01-MCAL/11-USART/USART_program.o
 .debug_ranges  0x00000000000002f0       0x70 ./Src/02-HAL/03-MCP/MCP2515_Program.o
 .debug_ranges  0x0000000000000360       0x20 ./Src/03-APP/01-COMM_HANDLER/CommHandler_program.o
 .debug_ranges  0x0000000000000380       0x10 ./Src/main.o
 .debug_ranges  0x0000000000000390       0x20 ./Startup/startup_stm32f103c8tx.o

.debug_macro    0x0000000000000000      0xf7a
 .debug_macro   0x0000000000000000       0x47 ./Src/01-MCAL/00-RCC/RCC_program.o
 .debug_macro   0x0000000000000047       0x52 ./Src/01-MCAL/00-RCC/RCC_program.o
 .debug_macro   0x0000000000000099       0x28 ./Src/01-MCAL/00-RCC/RCC_program.o
 .debug_macro   0x00000000000000c1      0x13c ./Src/01-MCAL/00-RCC/RCC_program.o
 .debug_macro   0x00000000000001fd       0xa6 ./Src/01-MCAL/00-RCC/RCC_program.o
 .debug_macro   0x00000000000002a3       0x40 ./Src/01-MCAL/00-RCC/RCC_program.o
 .debug_macro   0x00000000000002e3       0x3f ./Src/01-MCAL/01-PORT/PORT_program.o
 .debug_macro   0x0000000000000322      0x1ae ./Src/01-MCAL/01-PORT/PORT_program.o
 .debug_macro   0x00000000000004d0      0x11c ./Src/01-MCAL/01-PORT/PORT_program.o
 .debug_macro   0x00000000000005ec       0x35 ./Src/01-MCAL/02-DIO/DIO_program.o
 .debug_macro   0x0000000000000621       0x2e ./Src/01-MCAL/02-DIO/DIO_program.o
 .debug_macro   0x000000000000064f       0x94 ./Src/01-MCAL/02-DIO/DIO_program.o
 .debug_macro   0x00000000000006e3       0x3e ./Src/01-MCAL/03-STK/STK_program.o
 .debug_macro   0x0000000000000721       0x1c ./Src/01-MCAL/03-STK/STK_program.o
 .debug_macro   0x000000000000073d       0x46 ./Src/01-MCAL/03-STK/STK_program.o
 .debug_macro   0x0000000000000783       0x10 ./Src/01-MCAL/03-STK/STK_program.o
 .debug_macro   0x0000000000000793       0x48 ./Src/01-MCAL/05-EXTI/EXTI_program.o
 .debug_macro   0x00000000000007db       0x7c ./Src/01-MCAL/05-EXTI/EXTI_program.o
 .debug_macro   0x0000000000000857       0x16 ./Src/01-MCAL/05-EXTI/EXTI_program.o
 .debug_macro   0x000000000000086d       0x16 ./Src/01-MCAL/05-EXTI/EXTI_program.o
 .debug_macro   0x0000000000000883       0x3f ./Src/01-MCAL/08-TIM/TIM_program.o
 .debug_macro   0x00000000000008c2      0x173 ./Src/01-MCAL/08-TIM/TIM_program.o
 .debug_macro   0x0000000000000a35       0x76 ./Src/01-MCAL/08-TIM/TIM_program.o
 .debug_macro   0x0000000000000aab       0x49 ./Src/01-MCAL/09-SPI/SPI_program.o
 .debug_macro   0x0000000000000af4       0x28 ./Src/01-MCAL/09-SPI/SPI_program.o
 .debug_macro   0x0000000000000b1c       0x40 ./Src/01-MCAL/11-USART/USART_program.o
 .debug_macro   0x0000000000000b5c       0xd6 ./Src/01-MCAL/11-USART/USART_program.o
 .debug_macro   0x0000000000000c32       0xb4 ./Src/02-HAL/03-MCP/MCP2515_Program.o
 .debug_macro   0x0000000000000ce6       0x28 ./Src/02-HAL/03-MCP/MCP2515_Program.o
 .debug_macro   0x0000000000000d0e       0xbe ./Src/02-HAL/03-MCP/MCP2515_Program.o
 .debug_macro   0x0000000000000dcc       0xde ./Src/03-APP/01-COMM_HANDLER/CommHandler_program.o
 .debug_macro   0x0000000000000eaa       0x2e ./Src/03-APP/01-COMM_HANDLER/CommHandler_program.o
 .debug_macro   0x0000000000000ed8       0xa2 ./Src/main.o

.debug_line     0x0000000000000000     0x26bc
 .debug_line    0x0000000000000000      0x189 ./Src/01-MCAL/00-RCC/RCC_program.o
 .debug_line    0x0000000000000189      0x124 ./Src/01-MCAL/01-PORT/PORT_program.o
 .debug_line    0x00000000000002ad      0x2c0 ./Src/01-MCAL/02-DIO/DIO_program.o
 .debug_line    0x000000000000056d      0x234 ./Src/01-MCAL/03-STK/STK_program.o
 .debug_line    0x00000000000007a1      0x32d ./Src/01-MCAL/05-EXTI/EXTI_program.o
 .debug_line    0x0000000000000ace      0x6c0 ./Src/01-MCAL/08-TIM/TIM_program.o
 .debug_line    0x000000000000118e      0x2ab ./Src/01-MCAL/09-SPI/SPI_program.o
 .debug_line    0x0000000000001439      0x290 ./Src/01-MCAL/11-USART/USART_program.o
 .debug_line    0x00000000000016c9      0x59b ./Src/02-HAL/03-MCP/MCP2515_Program.o
 .debug_line    0x0000000000001c64      0x6c6 ./Src/03-APP/01-COMM_HANDLER/CommHandler_program.o
 .debug_line    0x000000000000232a      0x30e ./Src/main.o
 .debug_line    0x0000000000002638       0x84 ./Startup/startup_stm32f103c8tx.o

.debug_str      0x0000000000000000     0x8150
 .debug_str     0x0000000000000000     0x367e ./Src/01-MCAL/00-RCC/RCC_program.o
                                       0x36f5 (size before relaxing)
 .debug_str     0x000000000000367e     0x1c5f ./Src/01-MCAL/01-PORT/PORT_program.o
                                       0x4cc5 (size before relaxing)
 .debug_str     0x00000000000052dd      0x3ca ./Src/01-MCAL/02-DIO/DIO_program.o
                                       0x343a (size before relaxing)
 .debug_str     0x00000000000056a7      0x2c6 ./Src/01-MCAL/03-STK/STK_program.o
                                       0x3340 (size before relaxing)
 .debug_str     0x000000000000596d      0x397 ./Src/01-MCAL/05-EXTI/EXTI_program.o
                                       0x341d (size before relaxing)
 .debug_str     0x0000000000005d04      0xb73 ./Src/01-MCAL/08-TIM/TIM_program.o
                                       0x3c0d (size before relaxing)
 .debug_str     0x0000000000006877      0x6ad ./Src/01-MCAL/09-SPI/SPI_program.o
                                       0x386f (size before relaxing)
 .debug_str     0x0000000000006f24      0x6d0 ./Src/01-MCAL/11-USART/USART_program.o
                                       0x3743 (size before relaxing)
 .debug_str     0x00000000000075f4      0x8c3 ./Src/02-HAL/03-MCP/MCP2515_Program.o
                                       0x41ee (size before relaxing)
 .debug_str     0x0000000000007eb7      0x1ed ./Src/03-APP/01-COMM_HANDLER/CommHandler_program.o
                                       0x3e2b (size before relaxing)
 .debug_str     0x00000000000080a4       0x7b ./Src/main.o
                                       0x3f12 (size before relaxing)
 .debug_str     0x000000000000811f       0x31 ./Startup/startup_stm32f103c8tx.o
                                         0x85 (size before relaxing)

.comment        0x0000000000000000       0x50
 .comment       0x0000000000000000       0x50 ./Src/01-MCAL/00-RCC/RCC_program.o
                                         0x51 (size before relaxing)
 .comment       0x0000000000000050       0x51 ./Src/01-MCAL/01-PORT/PORT_program.o
 .comment       0x0000000000000050       0x51 ./Src/01-MCAL/02-DIO/DIO_program.o
 .comment       0x0000000000000050       0x51 ./Src/01-MCAL/03-STK/STK_program.o
 .comment       0x0000000000000050       0x51 ./Src/01-MCAL/05-EXTI/EXTI_program.o
 .comment       0x0000000000000050       0x51 ./Src/01-MCAL/08-TIM/TIM_program.o
 .comment       0x0000000000000050       0x51 ./Src/01-MCAL/09-SPI/SPI_program.o
 .comment       0x0000000000000050       0x51 ./Src/01-MCAL/11-USART/USART_program.o
 .comment       0x0000000000000050       0x51 ./Src/02-HAL/03-MCP/MCP2515_Program.o
 .comment       0x0000000000000050       0x51 ./Src/03-APP/01-COMM_HANDLER/CommHandler_program.o
 .comment       0x0000000000000050       0x51 ./Src/main.o

.debug_frame    0x0000000000000000      0xee0
 .debug_frame   0x0000000000000000       0x80 ./Src/01-MCAL/00-RCC/RCC_program.o
 .debug_frame   0x0000000000000080       0x30 ./Src/01-MCAL/01-PORT/PORT_program.o
 .debug_frame   0x00000000000000b0      0x104 ./Src/01-MCAL/02-DIO/DIO_program.o
 .debug_frame   0x00000000000001b4      0x170 ./Src/01-MCAL/03-STK/STK_program.o
 .debug_frame   0x0000000000000324      0x22c ./Src/01-MCAL/05-EXTI/EXTI_program.o
 .debug_frame   0x0000000000000550      0x52c ./Src/01-MCAL/08-TIM/TIM_program.o
 .debug_frame   0x0000000000000a7c       0xb0 ./Src/01-MCAL/09-SPI/SPI_program.o
 .debug_frame   0x0000000000000b2c       0xf8 ./Src/01-MCAL/11-USART/USART_program.o
 .debug_frame   0x0000000000000c24      0x1e4 ./Src/02-HAL/03-MCP/MCP2515_Program.o
 .debug_frame   0x0000000000000e08       0x7c ./Src/03-APP/01-COMM_HANDLER/CommHandler_program.o
 .debug_frame   0x0000000000000e84       0x30 ./Src/main.o
 .debug_frame   0x0000000000000eb4       0x2c c:/st/stm32cubeide_1.10.1/stm32cubeide/plugins/com.st.stm32cube.ide.mcu.externaltools.gnu-tools-for-stm32.10.3-2021.10.win32_1.0.0.202111181127/tools/bin/../lib/gcc/arm-none-eabi/10.3.1/../../../../arm-none-eabi/lib/thumb/v7-m/nofp\libc_nano.a(lib_a-init.o)
