../Src/01-MCAL/08-TIM/TIM_program.c:28:7:MTIM2_voidInit	4	static
../Src/01-MCAL/08-TIM/TIM_program.c:97:7:MTIM3_voidInit	4	static
../Src/01-MCAL/08-TIM/TIM_program.c:165:7:MTIM4_voidInit	4	static
../Src/01-MCAL/08-TIM/TIM_program.c:233:4:MTIM2_voidSetBusyWait	24	static,ignoring_inline_asm
../Src/01-MCAL/08-TIM/TIM_program.c:258:4:MTIM3_voidSetBusyWait	24	static,ignoring_inline_asm
../Src/01-MCAL/08-TIM/TIM_program.c:285:4:MTIM4_voidSetBusyWait	24	static,ignoring_inline_asm
../Src/01-MCAL/08-TIM/TIM_program.c:311:6:MTIM2_voidStartCounter	4	static
../Src/01-MCAL/08-TIM/TIM_program.c:319:6:MTIM3_voidStartCounter	4	static
../Src/01-MCAL/08-TIM/TIM_program.c:326:6:MTIM4_voidStartCounter	4	static
../Src/01-MCAL/08-TIM/TIM_program.c:334:6:MTIM2_voidStopCounter	4	static
../Src/01-MCAL/08-TIM/TIM_program.c:342:6:MTIM3_voidStopCounter	4	static
../Src/01-MCAL/08-TIM/TIM_program.c:349:6:MTIM4_voidStopCounter	4	static
../Src/01-MCAL/08-TIM/TIM_program.c:356:5:MTIM2_u16GetElapsedTime	4	static
../Src/01-MCAL/08-TIM/TIM_program.c:363:5:MTIM3_u16GetElapsedTime	4	static
../Src/01-MCAL/08-TIM/TIM_program.c:369:5:MTIM4_u16GetElapsedTime	4	static
../Src/01-MCAL/08-TIM/TIM_program.c:375:5:MTIM2_u16GetRemainingTime	4	static
../Src/01-MCAL/08-TIM/TIM_program.c:382:5:MTIM3_u16GetRemainingTime	4	static
../Src/01-MCAL/08-TIM/TIM_program.c:388:5:MTIM4_u16GetRemainingTime	4	static
../Src/01-MCAL/08-TIM/TIM_program.c:393:7:MTIM2_voidResetCount	4	static
../Src/01-MCAL/08-TIM/TIM_program.c:397:7:MTIM3_voidResetCount	4	static
../Src/01-MCAL/08-TIM/TIM_program.c:401:7:MTIM4_voidResetCount	4	static
../Src/01-MCAL/08-TIM/TIM_program.c:407:4:MTIM2_u8SetIntervalSingle	24	static
../Src/01-MCAL/08-TIM/TIM_program.c:434:4:MTIM3_u8SetIntervalSingle	24	static
../Src/01-MCAL/08-TIM/TIM_program.c:460:4:MTIM4_u8SetIntervalSingle	24	static
../Src/01-MCAL/08-TIM/TIM_program.c:487:4:MTIM2_u8SetIntervalPeriodic	24	static
../Src/01-MCAL/08-TIM/TIM_program.c:511:4:MTIM3_u8SetIntervalPeriodic	24	static
../Src/01-MCAL/08-TIM/TIM_program.c:534:4:MTIM4_u8SetIntervalPeriodic	24	static
../Src/01-MCAL/08-TIM/TIM_program.c:560:6:MTIM2_voidConfigICU	8	static
../Src/01-MCAL/08-TIM/TIM_program.c:598:6:MTIM3_voidConfigICU	8	static
../Src/01-MCAL/08-TIM/TIM_program.c:635:6:MTIM4_voidConfigICU	8	static
../Src/01-MCAL/08-TIM/TIM_program.c:673:4:MTIM2_u8ICU	24	static
../Src/01-MCAL/08-TIM/TIM_program.c:692:4:MTIM3_u8ICU	24	static
../Src/01-MCAL/08-TIM/TIM_program.c:711:4:MTIM4_u8ICU	24	static
../Src/01-MCAL/08-TIM/TIM_program.c:730:4:MTIM2_u8SetCallBackFunc	24	static
../Src/01-MCAL/08-TIM/TIM_program.c:745:4:MTIM3_u8SetCallBackFunc	24	static
../Src/01-MCAL/08-TIM/TIM_program.c:760:4:MTIM4_u8SetCallBackFunc	24	static
../Src/01-MCAL/08-TIM/TIM_program.c:775:6:TIM2_IRQHandler	8	static
../Src/01-MCAL/08-TIM/TIM_program.c:791:6:TIM3_IRQHandler	8	static
../Src/01-MCAL/08-TIM/TIM_program.c:806:6:TIM4_IRQHandler	8	static
