../Src/01-MCAL/05-EXTI/EXTI_program.c:12:6:MEXTI_voidInit	4	static
../Src/01-MCAL/05-EXTI/EXTI_program.c:31:4:MEXTI_u8EnableEXTI	24	static
../Src/01-MCAL/05-EXTI/EXTI_program.c:47:4:MEXTI_u8DisableEXTI	24	static
../Src/01-MCAL/05-EXTI/EXTI_program.c:63:4:MEXTI_u8SwTrigger	24	static
../Src/01-MCAL/05-EXTI/EXTI_program.c:79:4:MEXTI_u8SetSignalLatch	24	static
../Src/01-MCAL/05-EXTI/EXTI_program.c:101:4:MEXTI_voidSetCallBackFunc	24	static
../Src/01-MCAL/05-EXTI/EXTI_program.c:126:6:EXTI0_IRQHandler	8	static
../Src/01-MCAL/05-EXTI/EXTI_program.c:142:6:EXTI1_IRQHandler	8	static
../Src/01-MCAL/05-EXTI/EXTI_program.c:159:6:EXTI2_IRQHandler	8	static
../Src/01-MCAL/05-EXTI/EXTI_program.c:175:6:EXTI3_IRQHandler	8	static
../Src/01-MCAL/05-EXTI/EXTI_program.c:191:6:EXTI4_IRQHandler	8	static
../Src/01-MCAL/05-EXTI/EXTI_program.c:208:6:EXTI5_IRQHandler	8	static
../Src/01-MCAL/05-EXTI/EXTI_program.c:224:6:EXTI6_IRQHandler	8	static
../Src/01-MCAL/05-EXTI/EXTI_program.c:240:6:EXTI7_IRQHandler	8	static
../Src/01-MCAL/05-EXTI/EXTI_program.c:256:6:EXTI8_IRQHandler	8	static
../Src/01-MCAL/05-EXTI/EXTI_program.c:272:6:EXTI9_IRQHandler	8	static
../Src/01-MCAL/05-EXTI/EXTI_program.c:288:6:EXTI10_IRQHandler	8	static
